Component: ARM Compiler 5.06 update 3 (build 300) Tool: armlink [4d35c9]

==============================================================================

Section Cross References

    startup_stm32f103xb.o(STACK) refers (Special) to heapauxi.o(.text) for __use_two_region_memory
    startup_stm32f103xb.o(HEAP) refers (Special) to heapauxi.o(.text) for __use_two_region_memory
    startup_stm32f103xb.o(RESET) refers (Special) to heapauxi.o(.text) for __use_two_region_memory
    startup_stm32f103xb.o(RESET) refers to startup_stm32f103xb.o(STACK) for __initial_sp
    startup_stm32f103xb.o(RESET) refers to startup_stm32f103xb.o(.text) for Reset_Handler
    startup_stm32f103xb.o(RESET) refers to stm32f1xx_it.o(i.NMI_Handler) for NMI_Handler
    startup_stm32f103xb.o(RESET) refers to stm32f1xx_it.o(i.HardFault_Handler) for HardFault_Handler
    startup_stm32f103xb.o(RESET) refers to stm32f1xx_it.o(i.MemManage_Handler) for MemManage_Handler
    startup_stm32f103xb.o(RESET) refers to stm32f1xx_it.o(i.BusFault_Handler) for BusFault_Handler
    startup_stm32f103xb.o(RESET) refers to stm32f1xx_it.o(i.UsageFault_Handler) for UsageFault_Handler
    startup_stm32f103xb.o(RESET) refers to stm32f1xx_it.o(i.SVC_Handler) for SVC_Handler
    startup_stm32f103xb.o(RESET) refers to stm32f1xx_it.o(i.DebugMon_Handler) for DebugMon_Handler
    startup_stm32f103xb.o(RESET) refers to stm32f1xx_it.o(i.PendSV_Handler) for PendSV_Handler
    startup_stm32f103xb.o(RESET) refers to stm32f1xx_it.o(i.SysTick_Handler) for SysTick_Handler
    startup_stm32f103xb.o(RESET) refers to stm32f1xx_it.o(i.RCC_IRQHandler) for RCC_IRQHandler
    startup_stm32f103xb.o(RESET) refers to main.o(i.EXTI4_IRQHandler) for EXTI4_IRQHandler
    startup_stm32f103xb.o(RESET) refers to stm32f1xx_it.o(i.DMA1_Channel1_IRQHandler) for DMA1_Channel1_IRQHandler
    startup_stm32f103xb.o(RESET) refers to main.o(i.EXTI9_5_IRQHandler) for EXTI9_5_IRQHandler
    startup_stm32f103xb.o(.text) refers (Special) to heapauxi.o(.text) for __use_two_region_memory
    startup_stm32f103xb.o(.text) refers to system_stm32f1xx.o(i.SystemInit) for SystemInit
    startup_stm32f103xb.o(.text) refers to __main.o(!!!main) for __main
    startup_stm32f103xb.o(.text) refers to startup_stm32f103xb.o(HEAP) for Heap_Mem
    startup_stm32f103xb.o(.text) refers to startup_stm32f103xb.o(STACK) for Stack_Mem
    main.o(i.Draw_ScopeGrid) refers to main.o(i.ST7735_DrawPixel) for ST7735_DrawPixel
    main.o(i.EXTI4_IRQHandler) refers to stm32f1xx_hal_gpio.o(i.HAL_GPIO_EXTI_IRQHandler) for HAL_GPIO_EXTI_IRQHandler
    main.o(i.EXTI9_5_IRQHandler) refers to stm32f1xx_hal_gpio.o(i.HAL_GPIO_EXTI_IRQHandler) for HAL_GPIO_EXTI_IRQHandler
    main.o(i.HAL_ADC_ConvCpltCallback) refers to main.o(.data) for .data
    main.o(i.HAL_GPIO_EXTI_Callback) refers to stm32f1xx_hal.o(i.HAL_GetTick) for HAL_GetTick
    main.o(i.HAL_GPIO_EXTI_Callback) refers to main.o(.data) for .data
    main.o(i.MX_ADC1_Init) refers to stm32f1xx_hal_dma.o(i.HAL_DMA_Init) for HAL_DMA_Init
    main.o(i.MX_ADC1_Init) refers to stm32f1xx_hal_adc.o(i.HAL_ADC_Init) for HAL_ADC_Init
    main.o(i.MX_ADC1_Init) refers to stm32f1xx_hal_adc.o(i.HAL_ADC_ConfigChannel) for HAL_ADC_ConfigChannel
    main.o(i.MX_ADC1_Init) refers to main.o(.bss) for .bss
    main.o(i.MX_GPIO_Init) refers to stm32f1xx_hal_gpio.o(i.HAL_GPIO_WritePin) for HAL_GPIO_WritePin
    main.o(i.MX_GPIO_Init) refers to stm32f1xx_hal_gpio.o(i.HAL_GPIO_Init) for HAL_GPIO_Init
    main.o(i.MX_GPIO_Init) refers to stm32f1xx_hal_cortex.o(i.HAL_NVIC_SetPriority) for HAL_NVIC_SetPriority
    main.o(i.MX_GPIO_Init) refers to stm32f1xx_hal_cortex.o(i.HAL_NVIC_EnableIRQ) for HAL_NVIC_EnableIRQ
    main.o(i.MX_SPI1_Init) refers to stm32f1xx_hal_spi.o(i.HAL_SPI_Init) for HAL_SPI_Init
    main.o(i.MX_SPI1_Init) refers to main.o(.bss) for .bss
    main.o(i.MX_TIM2_Init) refers to rt_memclr_w.o(.text) for __aeabi_memclr4
    main.o(i.MX_TIM2_Init) refers to stm32f1xx_hal_tim.o(i.HAL_TIM_Base_Init) for HAL_TIM_Base_Init
    main.o(i.MX_TIM2_Init) refers to stm32f1xx_hal_tim.o(i.HAL_TIM_ConfigClockSource) for HAL_TIM_ConfigClockSource
    main.o(i.MX_TIM2_Init) refers to stm32f1xx_hal_tim.o(i.HAL_TIM_PWM_Init) for HAL_TIM_PWM_Init
    main.o(i.MX_TIM2_Init) refers to stm32f1xx_hal_tim_ex.o(i.HAL_TIMEx_MasterConfigSynchronization) for HAL_TIMEx_MasterConfigSynchronization
    main.o(i.MX_TIM2_Init) refers to stm32f1xx_hal_tim.o(i.HAL_TIM_PWM_ConfigChannel) for HAL_TIM_PWM_ConfigChannel
    main.o(i.MX_TIM2_Init) refers to stm32f1xx_hal_msp.o(i.HAL_TIM_MspPostInit) for HAL_TIM_MspPostInit
    main.o(i.MX_TIM2_Init) refers to main.o(.bss) for .bss
    main.o(i.MX_TIM3_Init) refers to stm32f1xx_hal_tim.o(i.HAL_TIM_Base_Init) for HAL_TIM_Base_Init
    main.o(i.MX_TIM3_Init) refers to stm32f1xx_hal_tim.o(i.HAL_TIM_ConfigClockSource) for HAL_TIM_ConfigClockSource
    main.o(i.MX_TIM3_Init) refers to stm32f1xx_hal_tim_ex.o(i.HAL_TIMEx_MasterConfigSynchronization) for HAL_TIMEx_MasterConfigSynchronization
[...]
    !!!main                                  0x080000ec   Section        8  __main.o(!!!main)
    !!!scatter                               0x080000f4   Section       52  __scatter.o(!!!scatter)
    !!handler_copy                           0x08000128   Section       26  __scatter_copy.o(!!handler_copy)
    !!handler_zi                             0x08000144   Section       28  __scatter_zi.o(!!handler_zi)
    .ARM.Collect$$_printf_percent$$00000000  0x08000160   Section        0  _printf_percent.o(.ARM.Collect$$_printf_percent$$00000000)
    .ARM.Collect$$_printf_percent$$00000003  0x08000160   Section        6  _printf_f.o(.ARM.Collect$$_printf_percent$$00000003)
    .ARM.Collect$$_printf_percent$$00000014  0x08000166   Section        6  _printf_s.o(.ARM.Collect$$_printf_percent$$00000014)
    .ARM.Collect$$_printf_percent$$00000017  0x0800016c   Section        4  _printf_percent_end.o(.ARM.Collect$$_printf_percent$$00000017)
    .ARM.Collect$$libinit$$00000000          0x08000170   Section        2  libinit.o(.ARM.Collect$$libinit$$00000000)
    .ARM.Collect$$libinit$$00000002          0x08000172   Section        0  libinit2.o(.ARM.Collect$$libinit$$00000002)
    .ARM.Collect$$libinit$$00000004          0x08000172   Section        0  libinit2.o(.ARM.Collect$$libinit$$00000004)
    .ARM.Collect$$libinit$$0000000A          0x08000172   Section        0  libinit2.o(.ARM.Collect$$libinit$$0000000A)
    .ARM.Collect$$libinit$$0000000C          0x08000172   Section        0  libinit2.o(.ARM.Collect$$libinit$$0000000C)
    .ARM.Collect$$libinit$$0000000E          0x08000172   Section        0  libinit2.o(.ARM.Collect$$libinit$$0000000E)
    .ARM.Collect$$libinit$$0000000F          0x08000172   Section        6  libinit2.o(.ARM.Collect$$libinit$$0000000F)
    .ARM.Collect$$libinit$$00000011          0x08000178   Section        0  libinit2.o(.ARM.Collect$$libinit$$00000011)
    .ARM.Collect$$libinit$$00000013          0x08000178   Section        0  libinit2.o(.ARM.Collect$$libinit$$00000013)
    .ARM.Collect$$libinit$$00000015          0x08000178   Section        0  libinit2.o(.ARM.Collect$$libinit$$00000015)
    .ARM.Collect$$libinit$$00000016          0x08000178   Section       10  libinit2.o(.ARM.Collect$$libinit$$00000016)
    .ARM.Collect$$libinit$$00000017          0x08000182   Section        0  libinit2.o(.ARM.Collect$$libinit$$00000017)
    .ARM.Collect$$libinit$$00000019          0x08000182   Section        0  libinit2.o(.ARM.Collect$$libinit$$00000019)
    .ARM.Collect$$libinit$$0000001B          0x08000182   Section        0  libinit2.o(.ARM.Collect$$libinit$$0000001B)
    .ARM.Collect$$libinit$$0000001D          0x08000182   Section        0  libinit2.o(.ARM.Collect$$libinit$$0000001D)
    .ARM.Collect$$libinit$$0000001F          0x08000182   Section        0  libinit2.o(.ARM.Collect$$libinit$$0000001F)
    .ARM.Collect$$libinit$$00000021          0x08000182   Section        0  libinit2.o(.ARM.Collect$$libinit$$00000021)
    .ARM.Collect$$libinit$$00000023          0x08000182   Section        0  libinit2.o(.ARM.Collect$$libinit$$00000023)
    .ARM.Collect$$libinit$$00000025          0x08000182   Section        0  libinit2.o(.ARM.Collect$$libinit$$00000025)
    .ARM.Collect$$libinit$$0000002C          0x08000182   Section        0  libinit2.o(.ARM.Collect$$libinit$$0000002C)
    .ARM.Collect$$libinit$$0000002E          0x08000182   Section        0  libinit2.o(.ARM.Collect$$libinit$$0000002E)
    .ARM.Collect$$libinit$$00000030          0x08000182   Section        0  libinit2.o(.ARM.Collect$$libinit$$00000030)
    .ARM.Collect$$libinit$$00000032          0x08000182   Section        0  libinit2.o(.ARM.Collect$$libinit$$00000032)
    .ARM.Collect$$libinit$$00000033          0x08000182   Section        2  libinit2.o(.ARM.Collect$$libinit$$00000033)
    .ARM.Collect$$libshutdown$$00000000      0x08000184   Section        2  libshutdown.o(.ARM.Collect$$libshutdown$$00000000)
    .ARM.Collect$$libshutdown$$00000002      0x08000186   Section        0  libshutdown2.o(.ARM.Collect$$libshutdown$$00000002)
    .ARM.Collect$$libshutdown$$00000004      0x08000186   Section        0  libshutdown2.o(.ARM.Collect$$libshutdown$$00000004)
    .ARM.Collect$$libshutdown$$00000007      0x08000186   Section        0  libshutdown2.o(.ARM.Collect$$libshutdown$$00000007)
    .ARM.Collect$$libshutdown$$0000000A      0x08000186   Section        0  libshutdown2.o(.ARM.Collect$$libshutdown$$0000000A)
    .ARM.Collect$$libshutdown$$0000000C      0x08000186   Section        0  libshutdown2.o(.ARM.Collect$$libshutdown$$0000000C)
    .ARM.Collect$$libshutdown$$0000000F      0x08000186   Section        0  libshutdown2.o(.ARM.Collect$$libshutdown$$0000000F)
    .ARM.Collect$$libshutdown$$00000010      0x08000186   Section        2  libshutdown2.o(.ARM.Collect$$libshutdown$$00000010)
    .ARM.Collect$$rtentry$$00000000          0x08000188   Section        0  __rtentry.o(.ARM.Collect$$rtentry$$00000000)
    .ARM.Collect$$rtentry$$00000002          0x08000188   Section        0  __rtentry2.o(.ARM.Collect$$rtentry$$00000002)
    .ARM.Collect$$rtentry$$00000004          0x08000188   Section        6  __rtentry4.o(.ARM.Collect$$rtentry$$00000004)
    .ARM.Collect$$rtentry$$00000009          0x0800018e   Section        0  __rtentry2.o(.ARM.Collect$$rtentry$$00000009)
    .ARM.Collect$$rtentry$$0000000A          0x0800018e   Section        4  __rtentry2.o(.ARM.Collect$$rtentry$$0000000A)
    .ARM.Collect$$rtentry$$0000000C          0x08000192   Section        0  __rtentry2.o(.ARM.Collect$$rtentry$$0000000C)
    .ARM.Collect$$rtentry$$0000000D          0x08000192   Section        8  __rtentry2.o(.ARM.Collect$$rtentry$$0000000D)
    .ARM.Collect$$rtexit$$00000000           0x0800019a   Section        2  rtexit.o(.ARM.Collect$$rtexit$$00000000)
    .ARM.Collect$$rtexit$$00000002           0x0800019c   Section        0  rtexit2.o(.ARM.Collect$$rtexit$$00000002)
    .ARM.Collect$$rtexit$$00000003           0x0800019c   Section        4  rtexit2.o(.ARM.Collect$$rtexit$$00000003)
    .ARM.Collect$$rtexit$$00000004           0x080001a0   Section        6  rtexit2.o(.ARM.Collect$$rtexit$$00000004)
    .text                                    0x080001a8   Section       64  startup_stm32f103xb.o(.text)
    .text                                    0x080001e8   Section        0  noretval__2sprintf.o(.text)
    .text                                    0x08000210   Section        0  _printf_str.o(.text)
    .text                                    0x08000262   Section        0  __printf_wp.o(.text)
    .text                                    0x08000370   Section       78  rt_memclr_w.o(.text)
    .text                                    0x080003be   Section        0  heapauxi.o(.text)
    .text                                    0x080003c4   Section        0  _rserrno.o(.text)
    .text                                    0x080003da   Section        0  _printf_fp_dec.o(.text)
    _fp_digits                               0x080003dd   Thumb Code   428  _printf_fp_dec.o(.text)
    .text                                    0x080007f4   Section        0  _printf_char_common.o(.text)
    _printf_input_char                       0x080007f5   Thumb Code    10  _printf_char_common.o(.text)
    .text                                    0x08000824   Section        0  _sputc.o(.text)
    .text                                    0x0800082e   Section        0  _printf_char.o(.text)
    .text                                    0x0800085c   Section        8  rt_locale_intlibspace.o(.text)
    .text                                    0x08000864   Section        8  rt_errno_addr_intlibspace.o(.text)
    .text                                    0x0800086c   Section      138  lludiv10.o(.text)
    .text                                    0x080008f8   Section        0  _printf_fp_infnan.o(.text)
    .text                                    0x08000978   Section        0  bigflt0.o(.text)
    .text                                    0x08000a54   Section        8  libspace.o(.text)
    .text                                    0x08000a5c   Section       74  sys_stackheap_outer.o(.text)
    .text                                    0x08000aa6   Section        0  exit.o(.text)
    .text                                    0x08000ab8   Section      128  strcmpv7m.o(.text)
    .text                                    0x08000b38   Section        0  sys_exit.o(.text)
    .text                                    0x08000b44   Section        2  use_no_semi.o(.text)
    .text                                    0x08000b46   Section        0  indicate_semi.o(.text)
    CL$$btod_d2e                             0x08000b46   Section       62  btod.o(CL$$btod_d2e)
    CL$$btod_d2e_denorm_low                  0x08000b84   Section       70  btod.o(CL$$btod_d2e_denorm_low)
    CL$$btod_d2e_norm_op1                    0x08000bca   Section       96  btod.o(CL$$btod_d2e_norm_op1)
    CL$$btod_div_common                      0x08000c2a   Section      824  btod.o(CL$$btod_div_common)
    CL$$btod_e2e                             0x08000f62   Section      198  btod.o(CL$$btod_e2e)
    CL$$btod_ediv                            0x08001028   Section       40  btod.o(CL$$btod_ediv)
    CL$$btod_emul                            0x08001050   Section       40  btod.o(CL$$btod_emul)
    CL$$btod_mult_common                     0x08001078   Section      580  btod.o(CL$$btod_mult_common)
    i.ADC_ConversionStop_Disable             0x080012bc   Section        0  stm32f1xx_hal_adc.o(i.ADC_ConversionStop_Disable)
    i.ADC_DMAConvCplt                        0x08001312   Section        0  stm32f1xx_hal_adc.o(i.ADC_DMAConvCplt)
    i.ADC_DMAError                           0x08001360   Section        0  stm32f1xx_hal_adc.o(i.ADC_DMAError)
    i.ADC_DMAHalfConvCplt                    0x0800137a   Section        0  stm32f1xx_hal_adc.o(i.ADC_DMAHalfConvCplt)
    i.ADC_Enable                             0x08001384   Section        0  stm32f1xx_hal_adc.o(i.ADC_Enable)
    i.BusFault_Handler                       0x08001400   Section        0  stm32f1xx_it.o(i.BusFault_Handler)
    i.DMA1_Channel1_IRQHandler               0x08001404   Section        0  stm32f1xx_it.o(i.DMA1_Channel1_IRQHandler)
    i.DMA_SetConfig                          0x08001410   Section        0  stm32f1xx_hal_dma.o(i.DMA_SetConfig)
    DMA_SetConfig                            0x08001411   Thumb Code    42  stm32f1xx_hal_dma.o(i.DMA_SetConfig)
    i.DebugMon_Handler                       0x0800143a   Section        0  stm32f1xx_it.o(i.DebugMon_Handler)
    i.Draw_ScopeGrid                         0x0800143c   Section        0  main.o(i.Draw_ScopeGrid)
    i.EXTI4_IRQHandler                       0x080014b4   Section        0  main.o(i.EXTI4_IRQHandler)
    i.EXTI9_5_IRQHandler                     0x080014ba   Section        0  main.o(i.EXTI9_5_IRQHandler)
    i.Error_Handler                          0x080014d2   Section        0  main.o(i.Error_Handler)
    i.HAL_ADCEx_Calibration_Start            0x080014d8   Section        0  stm32f1xx_hal_adc_ex.o(i.HAL_ADCEx_Calibration_Start)
    i.HAL_ADC_ConfigChannel                  0x080015b0   Section        0  stm32f1xx_hal_adc.o(i.HAL_ADC_ConfigChannel)
    i.HAL_ADC_ConvCpltCallback               0x080016ac   Section        0  main.o(i.HAL_ADC_ConvCpltCallback)
    i.HAL_ADC_ConvHalfCpltCallback           0x080016b8   Section        0  stm32f1xx_hal_adc.o(i.HAL_ADC_ConvHalfCpltCallback)
    i.HAL_ADC_ErrorCallback                  0x080016ba   Section        0  stm32f1xx_hal_adc.o(i.HAL_ADC_ErrorCallback)
    i.HAL_ADC_Init                           0x080016bc   Section        0  stm32f1xx_hal_adc.o(i.HAL_ADC_Init)
    i.HAL_ADC_MspInit                        0x080017d8   Section        0  stm32f1xx_hal_msp.o(i.HAL_ADC_MspInit)
    i.HAL_ADC_Start_DMA                      0x08001868   Section        0  stm32f1xx_hal_adc.o(i.HAL_ADC_Start_DMA)
    i.HAL_ADC_Stop_DMA                       0x08001974   Section        0  stm32f1xx_hal_adc.o(i.HAL_ADC_Stop_DMA)
    i.HAL_DMA_Abort                          0x080019ca   Section        0  stm32f1xx_hal_dma.o(i.HAL_DMA_Abort)
    i.HAL_DMA_IRQHandler                     0x08001a10   Section        0  stm32f1xx_hal_dma.o(i.HAL_DMA_IRQHandler)
    i.HAL_DMA_Init                           0x08001b64   Section        0  stm32f1xx_hal_dma.o(i.HAL_DMA_Init)
    i.HAL_DMA_Start_IT                       0x08001bc0   Section        0  stm32f1xx_hal_dma.o(i.HAL_DMA_Start_IT)
    i.HAL_Delay                              0x08001c30   Section        0  stm32f1xx_hal.o(i.HAL_Delay)
    i.HAL_GPIO_EXTI_Callback                 0x08001c54   Section        0  main.o(i.HAL_GPIO_EXTI_Callback)
    i.HAL_GPIO_EXTI_IRQHandler               0x08001cc8   Section        0  stm32f1xx_hal_gpio.o(i.HAL_GPIO_EXTI_IRQHandler)
    i.HAL_GPIO_Init                          0x08001ce0   Section        0  stm32f1xx_hal_gpio.o(i.HAL_GPIO_Init)
    i.HAL_GPIO_WritePin                      0x08001ec0   Section        0  stm32f1xx_hal_gpio.o(i.HAL_GPIO_WritePin)
    i.HAL_GetTick                            0x08001ecc   Section        0  stm32f1xx_hal.o(i.HAL_GetTick)
    i.HAL_IncTick                            0x08001ed8   Section        0  stm32f1xx_hal.o(i.HAL_IncTick)
    i.HAL_Init                               0x08001ee8   Section        0  stm32f1xx_hal.o(i.HAL_Init)
    i.HAL_InitTick                           0x08001f0c   Section        0  stm32f1xx_hal.o(i.HAL_InitTick)
    i.HAL_MspInit                            0x08001f4c   Section        0  stm32f1xx_hal_msp.o(i.HAL_MspInit)
    i.HAL_NVIC_EnableIRQ                     0x08001f98   Section        0  stm32f1xx_hal_cortex.o(i.HAL_NVIC_EnableIRQ)
    i.HAL_NVIC_SetPriority                   0x08001fb4   Section        0  stm32f1xx_hal_cortex.o(i.HAL_NVIC_SetPriority)
    i.HAL_NVIC_SetPriorityGrouping           0x08001ff4   Section        0  stm32f1xx_hal_cortex.o(i.HAL_NVIC_SetPriorityGrouping)
    i.HAL_RCCEx_GetPeriphCLKFreq             0x08002018   Section        0  stm32f1xx_hal_rcc_ex.o(i.HAL_RCCEx_GetPeriphCLKFreq)
    i.HAL_RCCEx_PeriphCLKConfig              0x080020bc   Section        0  stm32f1xx_hal_rcc_ex.o(i.HAL_RCCEx_PeriphCLKConfig)
    i.HAL_RCC_ClockConfig                    0x080021a8   Section        0  stm32f1xx_hal_rcc.o(i.HAL_RCC_ClockConfig)
    i.HAL_RCC_GetPCLK2Freq                   0x080022d4   Section        0  stm32f1xx_hal_rcc.o(i.HAL_RCC_GetPCLK2Freq)
    i.HAL_RCC_GetSysClockFreq                0x080022f4   Section        0  stm32f1xx_hal_rcc.o(i.HAL_RCC_GetSysClockFreq)
    i.HAL_RCC_OscConfig                      0x08002340   Section        0  stm32f1xx_hal_rcc.o(i.HAL_RCC_OscConfig)
    i.HAL_SPI_Init                           0x08002660   Section        0  stm32f1xx_hal_spi.o(i.HAL_SPI_Init)
    i.HAL_SPI_MspInit                        0x08002714   Section        0  stm32f1xx_hal_msp.o(i.HAL_SPI_MspInit)
    i.HAL_SPI_Transmit                       0x08002770   Section        0  stm32f1xx_hal_spi.o(i.HAL_SPI_Transmit)
    i.HAL_SYSTICK_Config                     0x080028d6   Section        0  stm32f1xx_hal_cortex.o(i.HAL_SYSTICK_Config)
    i.HAL_TIMEx_MasterConfigSynchronization  0x08002900   Section        0  stm32f1xx_hal_tim_ex.o(i.HAL_TIMEx_MasterConfigSynchronization)
    i.HAL_TIM_Base_Init                      0x08002968   Section        0  stm32f1xx_hal_tim.o(i.HAL_TIM_Base_Init)
    i.HAL_TIM_Base_MspInit                   0x080029c4   Section        0  stm32f1xx_hal_msp.o(i.HAL_TIM_Base_MspInit)
    i.HAL_TIM_Base_Start                     0x08002a00   Section        0  stm32f1xx_hal_tim.o(i.HAL_TIM_Base_Start)
    i.HAL_TIM_ConfigClockSource              0x08002a50   Section        0  stm32f1xx_hal_tim.o(i.HAL_TIM_ConfigClockSource)
    i.HAL_TIM_MspPostInit                    0x08002b2c   Section        0  stm32f1xx_hal_msp.o(i.HAL_TIM_MspPostInit)
    i.HAL_TIM_PWM_ConfigChannel              0x08002b70   Section        0  stm32f1xx_hal_tim.o(i.HAL_TIM_PWM_ConfigChannel)
    i.HAL_TIM_PWM_Init                       0x08002c3c   Section        0  stm32f1xx_hal_tim.o(i.HAL_TIM_PWM_Init)
    i.HAL_TIM_PWM_MspInit                    0x08002c96   Section        0  stm32f1xx_hal_tim.o(i.HAL_TIM_PWM_MspInit)
    i.HAL_TIM_PWM_Start                      0x08002c98   Section        0  stm32f1xx_hal_tim.o(i.HAL_TIM_PWM_Start)
    i.HardFault_Handler                      0x08002d34   Section        0  stm32f1xx_it.o(i.HardFault_Handler)
    i.MX_ADC1_Init                           0x08002d38   Section        0  main.o(i.MX_ADC1_Init)
    MX_ADC1_Init                             0x08002d39   Thumb Code   152  main.o(i.MX_ADC1_Init)
    i.MX_GPIO_Init                           0x08002de0   Section        0  main.o(i.MX_GPIO_Init)
    MX_GPIO_Init                             0x08002de1   Thumb Code   218  main.o(i.MX_GPIO_Init)
    i.MX_SPI1_Init                           0x08002ecc   Section        0  main.o(i.MX_SPI1_Init)
    MX_SPI1_Init                             0x08002ecd   Thumb Code    58  main.o(i.MX_SPI1_Init)
    i.MX_TIM2_Init                           0x08002f10   Section        0  main.o(i.MX_TIM2_Init)
    MX_TIM2_Init                             0x08002f11   Thumb Code   150  main.o(i.MX_TIM2_Init)
    i.MX_TIM3_Init                           0x08002fac   Section        0  main.o(i.MX_TIM3_Init)
    MX_TIM3_Init                             0x08002fad   Thumb Code    94  main.o(i.MX_TIM3_Init)
    i.MemManage_Handler                      0x08003014   Section        0  stm32f1xx_it.o(i.MemManage_Handler)
    i.NMI_Handler                            0x08003016   Section        0  stm32f1xx_it.o(i.NMI_Handler)
    i.PendSV_Handler                         0x08003018   Section        0  stm32f1xx_it.o(i.PendSV_Handler)
    i.Process_Waveform                       0x0800301c   Section        0  main.o(i.Process_Waveform)
    i.RCC_IRQHandler                         0x080032a4   Section        0  stm32f1xx_it.o(i.RCC_IRQHandler)
    i.SPI_EndRxTxTransaction                 0x080032a6   Section        0  stm32f1xx_hal_spi.o(i.SPI_EndRxTxTransaction)
    SPI_EndRxTxTransaction                   0x080032a7   Thumb Code    52  stm32f1xx_hal_spi.o(i.SPI_EndRxTxTransaction)
    i.SPI_WaitFlagStateUntilTimeout          0x080032dc   Section        0  stm32f1xx_hal_spi.o(i.SPI_WaitFlagStateUntilTimeout)
    SPI_WaitFlagStateUntilTimeout            0x080032dd   Thumb Code   180  stm32f1xx_hal_spi.o(i.SPI_WaitFlagStateUntilTimeout)
    i.ST7735_DrawChar                        0x08003394   Section        0  main.o(i.ST7735_DrawChar)
    i.ST7735_DrawLine                        0x0800340c   Section        0  main.o(i.ST7735_DrawLine)
    i.ST7735_DrawPixel                       0x08003492   Section        0  main.o(i.ST7735_DrawPixel)
    i.ST7735_DrawString                      0x080034ba   Section        0  main.o(i.ST7735_DrawString)
    i.ST7735_FillRect                        0x080034e8   Section        0  main.o(i.ST7735_FillRect)
    i.ST7735_Init                            0x08003588   Section        0  main.o(i.ST7735_Init)
    i.ST7735_SetAddressWindow                0x0800360c   Section        0  main.o(i.ST7735_SetAddressWindow)
    i.ST7735_WriteCommand                    0x08003650   Section        0  main.o(i.ST7735_WriteCommand)
    i.ST7735_WriteData                       0x0800368c   Section        0  main.o(i.ST7735_WriteData)
    i.SVC_Handler                            0x080036d0   Section        0  stm32f1xx_it.o(i.SVC_Handler)
    i.SysTick_Handler                        0x080036d2   Section        0  stm32f1xx_it.o(i.SysTick_Handler)
    i.SystemClock_Config                     0x080036d6   Section        0  main.o(i.SystemClock_Config)
    i.SystemInit                             0x0800374e   Section        0  system_stm32f1xx.o(i.SystemInit)
    i.TIM_Base_SetConfig                     0x08003750   Section        0  stm32f1xx_hal_tim.o(i.TIM_Base_SetConfig)
    i.TIM_CCxChannelCmd                      0x080037c8   Section        0  stm32f1xx_hal_tim.o(i.TIM_CCxChannelCmd)
    i.TIM_ETR_SetConfig                      0x080037e2   Section        0  stm32f1xx_hal_tim.o(i.TIM_ETR_SetConfig)
    i.TIM_ITRx_SetConfig                     0x080037f6   Section        0  stm32f1xx_hal_tim.o(i.TIM_ITRx_SetConfig)
    TIM_ITRx_SetConfig                       0x080037f7   Thumb Code    16  stm32f1xx_hal_tim.o(i.TIM_ITRx_SetConfig)
    i.TIM_OC1_SetConfig                      0x08003808   Section        0  stm32f1xx_hal_tim.o(i.TIM_OC1_SetConfig)
    TIM_OC1_SetConfig                        0x08003809   Thumb Code    74  stm32f1xx_hal_tim.o(i.TIM_OC1_SetConfig)
    i.TIM_OC2_SetConfig                      0x08003858   Section        0  stm32f1xx_hal_tim.o(i.TIM_OC2_SetConfig)
    i.TIM_OC3_SetConfig                      0x080038b0   Section        0  stm32f1xx_hal_tim.o(i.TIM_OC3_SetConfig)
    TIM_OC3_SetConfig                        0x080038b1   Thumb Code    82  stm32f1xx_hal_tim.o(i.TIM_OC3_SetConfig)
    i.TIM_OC4_SetConfig                      0x08003908   Section        0  stm32f1xx_hal_tim.o(i.TIM_OC4_SetConfig)
    TIM_OC4_SetConfig                        0x08003909   Thumb Code    64  stm32f1xx_hal_tim.o(i.TIM_OC4_SetConfig)
    i.TIM_TI1_ConfigInputStage               0x0800394c   Section        0  stm32f1xx_hal_tim.o(i.TIM_TI1_ConfigInputStage)
    TIM_TI1_ConfigInputStage                 0x0800394d   Thumb Code    34  stm32f1xx_hal_tim.o(i.TIM_TI1_ConfigInputStage)
    i.TIM_TI2_ConfigInputStage               0x0800396e   Section        0  stm32f1xx_hal_tim.o(i.TIM_TI2_ConfigInputStage)
    TIM_TI2_ConfigInputStage                 0x0800396f   Thumb Code    36  stm32f1xx_hal_tim.o(i.TIM_TI2_ConfigInputStage)
    i.Update_ScopeInfo                       0x08003994   Section        0  main.o(i.Update_ScopeInfo)
    i.UsageFault_Handler                     0x08003bc8   Section        0  stm32f1xx_it.o(i.UsageFault_Handler)
    i.__ARM_fpclassify                       0x08003bca   Section        0  fpclassify.o(i.__ARM_fpclassify)
    i.__NVIC_SetPriority                     0x08003bf2   Section        0  stm32f1xx_hal_cortex.o(i.__NVIC_SetPriority)
    __NVIC_SetPriority                       0x08003bf3   Thumb Code    32  stm32f1xx_hal_cortex.o(i.__NVIC_SetPriority)
    i._is_digit                              0x08003c12   Section        0  __printf_wp.o(i._is_digit)
    i.main                                   0x08003c20   Section        0  main.o(i.main)
    i.sqrtf                                  0x08003ca8   Section        0  sqrtf.o(i.sqrtf)
    locale$$code                             0x08003cd4   Section       44  lc_numeric_c.o(locale$$code)
    x$fpl$dretinf                            0x08003d00   Section       12  dretinf.o(x$fpl$dretinf)
    x$fpl$f2d                                0x08003d0c   Section       86  f2d.o(x$fpl$f2d)
    x$fpl$fadd                               0x08003d64   Section      196  faddsub_clz.o(x$fpl$fadd)
    _fadd1                                   0x08003d73   Thumb Code     0  faddsub_clz.o(x$fpl$fadd)
    x$fpl$fcheck1                            0x08003e28   Section       12  fcheck1.o(x$fpl$fcheck1)
    x$fpl$fcmpinf                            0x08003e34   Section       24  fcmpi.o(x$fpl$fcmpinf)
    x$fpl$fdiv                               0x08003e4c   Section      388  fdiv.o(x$fpl$fdiv)
    _fdiv1                                   0x08003e4d   Thumb Code     0  fdiv.o(x$fpl$fdiv)
    x$fpl$feqf                               0x08003fd0   Section      104  feqf.o(x$fpl$feqf)
    x$fpl$ffix                               0x08004038   Section       54  ffix.o(x$fpl$ffix)
    x$fpl$fflt                               0x08004070   Section       48  fflt_clz.o(x$fpl$fflt)
    x$fpl$ffltu                              0x080040a0   Section       38  fflt_clz.o(x$fpl$ffltu)
    x$fpl$fmul                               0x080040c8   Section      258  fmul.o(x$fpl$fmul)
    x$fpl$fnaninf                            0x080041ca   Section      140  fnaninf.o(x$fpl$fnaninf)
    x$fpl$fretinf                            0x08004256   Section       10  fretinf.o(x$fpl$fretinf)
    x$fpl$fsqrt                              0x08004260   Section      272  fsqrt.o(x$fpl$fsqrt)
    x$fpl$fsub                               0x08004370   Section      234  faddsub_clz.o(x$fpl$fsub)
    _fsub1                                   0x0800437f   Thumb Code     0  faddsub_clz.o(x$fpl$fsub)
    x$fpl$printf1                            0x0800445a   Section        4  printf1.o(x$fpl$printf1)
    x$fpl$retnan                             0x0800445e   Section      100  retnan.o(x$fpl$retnan)
    x$fpl$scalbnf                            0x080044c2   Section       76  scalbnf.o(x$fpl$scalbnf)
    x$fpl$trapveneer                         0x0800450e   Section       48  trapv.o(x$fpl$trapveneer)
    x$fpl$usenofp                            0x0800453e   Section        0  usenofp.o(x$fpl$usenofp)
    .constdata                               0x08004540   Section      508  main.o(.constdata)
    .constdata                               0x0800473c   Section       18  stm32f1xx_hal_rcc.o(.constdata)
    aPredivFactorTable                       0x0800473c   Data           2  stm32f1xx_hal_rcc.o(.constdata)
    aPLLMULFactorTable                       0x0800473e   Data          16  stm32f1xx_hal_rcc.o(.constdata)
    .constdata                               0x0800474e   Section       18  stm32f1xx_hal_rcc_ex.o(.constdata)
    aPredivFactorTable                       0x0800474e   Data           2  stm32f1xx_hal_rcc_ex.o(.constdata)
    aPLLMULFactorTable                       0x08004750   Data          16  stm32f1xx_hal_rcc_ex.o(.constdata)
    .constdata                               0x08004760   Section       16  system_stm32f1xx.o(.constdata)
    .constdata                               0x08004770   Section        8  system_stm32f1xx.o(.constdata)
    .constdata                               0x08004778   Section      148  bigflt0.o(.constdata)
    tenpwrs_x                                0x08004778   Data          60  bigflt0.o(.constdata)
    tenpwrs_i                                0x080047b4   Data          64  bigflt0.o(.constdata)
    .conststring                             0x0800480c   Section       49  main.o(.conststring)
    locale$$data                             0x08004860   Section       28  lc_numeric_c.o(locale$$data)
    __lcnum_c_name                           0x08004864   Data           2  lc_numeric_c.o(locale$$data)
    __lcnum_c_start                          0x0800486c   Data           0  lc_numeric_c.o(locale$$data)
    __lcnum_c_point                          0x08004878   Data           0  lc_numeric_c.o(locale$$data)
    __lcnum_c_thousands                      0x0800487a   Data           0  lc_numeric_c.o(locale$$data)
    __lcnum_c_grouping                       0x0800487b   Data           0  lc_numeric_c.o(locale$$data)
    __lcnum_c_end                            0x0800487c   Data           0  lc_numeric_c.o(locale$$data)
    .data                                    0x20000000   Section       80  main.o(.data)
    old_hold                                 0x20000004   Data           1  main.o(.data)
    old_time_idx                             0x20000005   Data           1  main.o(.data)
    old_volt_idx                             0x20000006   Data           1  main.o(.data)
    old_trig                                 0x2000000a   Data           2  main.o(.data)
    old_vpp                                  0x20000020   Data           4  main.o(.data)
    old_vmax                                 0x20000024   Data           4  main.o(.data)
    old_vmin                                 0x20000028   Data           4  main.o(.data)
    old_freq                                 0x2000002c   Data           4  main.o(.data)
    last_irq_tick                            0x20000030   Data           4  main.o(.data)
    .data                                    0x20000050   Section       12  stm32f1xx_hal.o(.data)
    .data                                    0x2000005c   Section        4  system_stm32f1xx.o(.data)
    .bss                                     0x20000060   Section      948  main.o(.bss)
    .bss                                     0x20000414   Section       96  libspace.o(.bss)
    HEAP                                     0x20000478   Section      512  startup_stm32f103xb.o(HEAP)
    Heap_Mem                                 0x20000478   Data         512  startup_stm32f103xb.o(HEAP)
    STACK                                    0x20000678   Section     1024  startup_stm32f103xb.o(STACK)
    Stack_Mem                                0x20000678   Data        1024  startup_stm32f103xb.o(STACK)
    __initial_sp                             0x20000a78   Data           0  startup_stm32f103xb.o(STACK)

    Global Symbols

    Symbol Name                              Value     Ov Type        Size  Object(Section)

    BuildAttributes$$THM_ISAv4$P$D$K$B$S$PE$A:L22UL41UL21$X:L11$S22US41US21$IEEE1$IW$USESV6$~STKCKD$USESV7$~SHL$OTIME$ROPI$IEEEJ$EBA8$UX$STANDARDLIB$REQ8$PRES8$EABIv2 0x00000000   Number         0  anon$$obj.o ABSOLUTE
    __ARM_use_no_argv                        0x00000000   Number         0  main.o ABSOLUTE
    _printf_flags                            0x00000000   Number         0  printf_stubs.o ABSOLUTE
    _printf_return_value                     0x00000000   Number         0  printf_stubs.o ABSOLUTE
    _printf_sizespec                         0x00000000   Number         0  printf_stubs.o ABSOLUTE
    _printf_widthprec                        0x00000000   Number         0  printf_stubs.o ABSOLUTE
    __ARM_exceptions_init                     - Undefined Weak Reference
    __alloca_initialize                       - Undefined Weak Reference
    __arm_preinit_                            - Undefined Weak Reference
    __cpp_initialize__aeabi_                  - Undefined Weak Reference
    __cxa_finalize                            - Undefined Weak Reference
    __sigvec_lookup                           - Undefined Weak Reference
    _atexit_init                              - Undefined Weak Reference
    _call_atexit_fns                          - Undefined Weak Reference
    _clock_init                               - Undefined Weak Reference
    _fp_trap_init                             - Undefined Weak Reference
    _fp_trap_shutdown                         - Undefined Weak Reference
    _get_lc_collate                           - Undefined Weak Reference
    _get_lc_ctype                             - Undefined Weak Reference
    _get_lc_monetary                          - Undefined Weak Reference
    _get_lc_time                              - Undefined Weak Reference
    _getenv_init                              - Undefined Weak Reference
    _handle_redirection                       - Undefined Weak Reference
    _init_alloc                               - Undefined Weak Reference
    _init_user_alloc                          - Undefined Weak Reference
    _initio                                   - Undefined Weak Reference
    _printf_mbtowc                            - Undefined Weak Reference
    _printf_post_padding                      - Undefined Weak Reference
    _printf_pre_padding                       - Undefined Weak Reference
    _rand_init                                - Undefined Weak Reference
    _signal_finish                            - Undefined Weak Reference
    _signal_init                              - Undefined Weak Reference
    _terminate_alloc                          - Undefined Weak Reference
    _terminate_user_alloc                     - Undefined Weak Reference
    _terminateio                              - Undefined Weak Reference
    __Vectors_Size                           0x000000ec   Number         0  startup_stm32f103xb.o ABSOLUTE
    __Vectors                                0x08000000   Data           4  startup_stm32f103xb.o(RESET)
    __Vectors_End                            0x080000ec   Data           0  startup_stm32f103xb.o(RESET)
    __main                                   0x080000ed   Thumb Code     8  __main.o(!!!main)
    __scatterload                            0x080000f5   Thumb Code     0  __scatter.o(!!!scatter)
    __scatterload_rt2                        0x080000f5   Thumb Code    44  __scatter.o(!!!scatter)
    __scatterload_rt2_thumb_only             0x080000f5   Thumb Code     0  __scatter.o(!!!scatter)
    __scatterload_null                       0x08000103   Thumb Code     0  __scatter.o(!!!scatter)
    __scatterload_copy                       0x08000129   Thumb Code    26  __scatter_copy.o(!!handler_copy)
    __scatterload_zeroinit                   0x08000145   Thumb Code    28  __scatter_zi.o(!!handler_zi)
    _printf_f                                0x08000161   Thumb Code     0  _printf_f.o(.ARM.Collect$$_printf_percent$$00000003)
    _printf_percent                          0x08000161   Thumb Code     0  _printf_percent.o(.ARM.Collect$$_printf_percent$$00000000)
    _printf_s                                0x08000167   Thumb Code     0  _printf_s.o(.ARM.Collect$$_printf_percent$$00000014)
    _printf_percent_end                      0x0800016d   Thumb Code     0  _printf_percent_end.o(.ARM.Collect$$_printf_percent$$00000017)
    __rt_lib_init                            0x08000171   Thumb Code     0  libinit.o(.ARM.Collect$$libinit$$00000000)
    __rt_lib_init_fp_1                       0x08000173   Thumb Code     0  libinit2.o(.ARM.Collect$$libinit$$00000002)
    __rt_lib_init_heap_1                     0x08000173   Thumb Code     0  libinit2.o(.ARM.Collect$$libinit$$0000000A)
    __rt_lib_init_lc_common                  0x08000173   Thumb Code     0  libinit2.o(.ARM.Collect$$libinit$$0000000F)
    __rt_lib_init_preinit_1                  0x08000173   Thumb Code     0  libinit2.o(.ARM.Collect$$libinit$$00000004)
    __rt_lib_init_rand_1                     0x08000173   Thumb Code     0  libinit2.o(.ARM.Collect$$libinit$$0000000E)
    __rt_lib_init_user_alloc_1               0x08000173   Thumb Code     0  libinit2.o(.ARM.Collect$$libinit$$0000000C)
    __rt_lib_init_lc_collate_1               0x08000179   Thumb Code     0  libinit2.o(.ARM.Collect$$libinit$$00000011)
    __rt_lib_init_lc_ctype_1                 0x08000179   Thumb Code     0  libinit2.o(.ARM.Collect$$libinit$$00000013)
    __rt_lib_init_lc_monetary_1              0x08000179   Thumb Code     0  libinit2.o(.ARM.Collect$$libinit$$00000015)
    __rt_lib_init_lc_numeric_2               0x08000179   Thumb Code     0  libinit2.o(.ARM.Collect$$libinit$$00000016)
    __rt_lib_init_alloca_1                   0x08000183   Thumb Code     0  libinit2.o(.ARM.Collect$$libinit$$0000002E)
    __rt_lib_init_argv_1                     0x08000183   Thumb Code     0  libinit2.o(.ARM.Collect$$libinit$$0000002C)
    __rt_lib_init_atexit_1                   0x08000183   Thumb Code     0  libinit2.o(.ARM.Collect$$libinit$$0000001B)
    __rt_lib_init_clock_1                    0x08000183   Thumb Code     0  libinit2.o(.ARM.Collect$$libinit$$00000021)
    __rt_lib_init_cpp_1                      0x08000183   Thumb Code     0  libinit2.o(.ARM.Collect$$libinit$$00000032)
    __rt_lib_init_exceptions_1               0x08000183   Thumb Code     0  libinit2.o(.ARM.Collect$$libinit$$00000030)
    __rt_lib_init_fp_trap_1                  0x08000183   Thumb Code     0  libinit2.o(.ARM.Collect$$libinit$$0000001F)
    __rt_lib_init_getenv_1                   0x08000183   Thumb Code     0  libinit2.o(.ARM.Collect$$libinit$$00000023)
    __rt_lib_init_lc_numeric_1               0x08000183   Thumb Code     0  libinit2.o(.ARM.Collect$$libinit$$00000017)
    __rt_lib_init_lc_time_1                  0x08000183   Thumb Code     0  libinit2.o(.ARM.Collect$$libinit$$00000019)
    __rt_lib_init_return                     0x08000183   Thumb Code     0  libinit2.o(.ARM.Collect$$libinit$$00000033)
    __rt_lib_init_signal_1                   0x08000183   Thumb Code     0  libinit2.o(.ARM.Collect$$libinit$$0000001D)
    __rt_lib_init_stdio_1                    0x08000183   Thumb Code     0  libinit2.o(.ARM.Collect$$libinit$$00000025)
    __rt_lib_shutdown                        0x08000185   Thumb Code     0  libshutdown.o(.ARM.Collect$$libshutdown$$00000000)
    __rt_lib_shutdown_cpp_1                  0x08000187   Thumb Code     0  libshutdown2.o(.ARM.Collect$$libshutdown$$00000002)
    __rt_lib_shutdown_fp_trap_1              0x08000187   Thumb Code     0  libshutdown2.o(.ARM.Collect$$libshutdown$$00000007)
    __rt_lib_shutdown_heap_1                 0x08000187   Thumb Code     0  libshutdown2.o(.ARM.Collect$$libshutdown$$0000000F)
    __rt_lib_shutdown_return                 0x08000187   Thumb Code     0  libshutdown2.o(.ARM.Collect$$libshutdown$$00000010)
    __rt_lib_shutdown_signal_1               0x08000187   Thumb Code     0  libshutdown2.o(.ARM.Collect$$libshutdown$$0000000A)
    __rt_lib_shutdown_stdio_1                0x08000187   Thumb Code     0  libshutdown2.o(.ARM.Collect$$libshutdown$$00000004)
    __rt_lib_shutdown_user_alloc_1           0x08000187   Thumb Code     0  libshutdown2.o(.ARM.Collect$$libshutdown$$0000000C)
    __rt_entry                               0x08000189   Thumb Code     0  __rtentry.o(.ARM.Collect$$rtentry$$00000000)
    __rt_entry_presh_1                       0x08000189   Thumb Code     0  __rtentry2.o(.ARM.Collect$$rtentry$$00000002)
    __rt_entry_sh                            0x08000189   Thumb Code     0  __rtentry4.o(.ARM.Collect$$rtentry$$00000004)
    __rt_entry_li                            0x0800018f   Thumb Code     0  __rtentry2.o(.ARM.Collect$$rtentry$$0000000A)
    __rt_entry_postsh_1                      0x0800018f   Thumb Code     0  __rtentry2.o(.ARM.Collect$$rtentry$$00000009)
    __rt_entry_main                          0x08000193   Thumb Code     0  __rtentry2.o(.ARM.Collect$$rtentry$$0000000D)
    __rt_entry_postli_1                      0x08000193   Thumb Code     0  __rtentry2.o(.ARM.Collect$$rtentry$$0000000C)
    __rt_exit                                0x0800019b   Thumb Code     0  rtexit.o(.ARM.Collect$$rtexit$$00000000)
    __rt_exit_ls                             0x0800019d   Thumb Code     0  rtexit2.o(.ARM.Collect$$rtexit$$00000003)
    __rt_exit_prels_1                        0x0800019d   Thumb Code     0  rtexit2.o(.ARM.Collect$$rtexit$$00000002)
    __rt_exit_exit                           0x080001a1   Thumb Code     0  rtexit2.o(.ARM.Collect$$rtexit$$00000004)
    Reset_Handler                            0x080001a9   Thumb Code     8  startup_stm32f103xb.o(.text)
    ADC1_2_IRQHandler                        0x080001c3   Thumb Code     0  startup_stm32f103xb.o(.text)
    CAN1_RX1_IRQHandler                      0x080001c3   Thumb Code     0  startup_stm32f103xb.o(.text)
    CAN1_SCE_IRQHandler                      0x080001c3   Thumb Code     0  startup_stm32f103xb.o(.text)
    DMA1_Channel2_IRQHandler                 0x080001c3   Thumb Code     0  startup_stm32f103xb.o(.text)
    DMA1_Channel3_IRQHandler                 0x080001c3   Thumb Code     0  startup_stm32f103xb.o(.text)
    DMA1_Channel4_IRQHandler                 0x080001c3   Thumb Code     0  startup_stm32f103xb.o(.text)
    DMA1_Channel5_IRQHandler                 0x080001c3   Thumb Code     0  startup_stm32f103xb.o(.text)
    DMA1_Channel6_IRQHandler                 0x080001c3   Thumb Code     0  startup_stm32f103xb.o(.text)
    DMA1_Channel7_IRQHandler                 0x080001c3   Thumb Code     0  startup_stm32f103xb.o(.text)
    EXTI0_IRQHandler                         0x080001c3   Thumb Code     0  startup_stm32f103xb.o(.text)
    EXTI15_10_IRQHandler                     0x080001c3   Thumb Code     0  startup_stm32f103xb.o(.text)
    EXTI1_IRQHandler                         0x080001c3   Thumb Code     0  startup_stm32f103xb.o(.text)
    EXTI2_IRQHandler                         0x080001c3   Thumb Code     0  startup_stm32f103xb.o(.text)
    EXTI3_IRQHandler                         0x080001c3   Thumb Code     0  startup_stm32f103xb.o(.text)
    FLASH_IRQHandler                         0x080001c3   Thumb Code     0  startup_stm32f103xb.o(.text)
    I2C1_ER_IRQHandler                       0x080001c3   Thumb Code     0  startup_stm32f103xb.o(.text)
    I2C1_EV_IRQHandler                       0x080001c3   Thumb Code     0  startup_stm32f103xb.o(.text)
    I2C2_ER_IRQHandler                       0x080001c3   Thumb Code     0  startup_stm32f103xb.o(.text)
    I2C2_EV_IRQHandler                       0x080001c3   Thumb Code     0  startup_stm32f103xb.o(.text)
    PVD_IRQHandler                           0x080001c3   Thumb Code     0  startup_stm32f103xb.o(.text)
    RTC_Alarm_IRQHandler                     0x080001c3   Thumb Code     0  startup_stm32f103xb.o(.text)
    RTC_IRQHandler                           0x080001c3   Thumb Code     0  startup_stm32f103xb.o(.text)
    SPI1_IRQHandler                          0x080001c3   Thumb Code     0  startup_stm32f103xb.o(.text)
    SPI2_IRQHandler                          0x080001c3   Thumb Code     0  startup_stm32f103xb.o(.text)
    TAMPER_IRQHandler                        0x080001c3   Thumb Code     0  startup_stm32f103xb.o(.text)
    TIM1_BRK_IRQHandler                      0x080001c3   Thumb Code     0  startup_stm32f103xb.o(.text)
    TIM1_CC_IRQHandler                       0x080001c3   Thumb Code     0  startup_stm32f103xb.o(.text)
    TIM1_TRG_COM_IRQHandler                  0x080001c3   Thumb Code     0  startup_stm32f103xb.o(.text)
    TIM1_UP_IRQHandler                       0x080001c3   Thumb Code     0  startup_stm32f103xb.o(.text)
    TIM2_IRQHandler                          0x080001c3   Thumb Code     0  startup_stm32f103xb.o(.text)
    TIM3_IRQHandler                          0x080001c3   Thumb Code     0  startup_stm32f103xb.o(.text)
    TIM4_IRQHandler                          0x080001c3   Thumb Code     0  startup_stm32f103xb.o(.text)
    USART1_IRQHandler                        0x080001c3   Thumb Code     0  startup_stm32f103xb.o(.text)
    USART2_IRQHandler                        0x080001c3   Thumb Code     0  startup_stm32f103xb.o(.text)
    USART3_IRQHandler                        0x080001c3   Thumb Code     0  startup_stm32f103xb.o(.text)
    USBWakeUp_IRQHandler                     0x080001c3   Thumb Code     0  startup_stm32f103xb.o(.text)
    USB_HP_CAN1_TX_IRQHandler                0x080001c3   Thumb Code     0  startup_stm32f103xb.o(.text)
    USB_LP_CAN1_RX0_IRQHandler               0x080001c3   Thumb Code     0  startup_stm32f103xb.o(.text)
    WWDG_IRQHandler                          0x080001c3   Thumb Code     0  startup_stm32f103xb.o(.text)
    __user_initial_stackheap                 0x080001c5   Thumb Code     0  startup_stm32f103xb.o(.text)
    __2sprintf                               0x080001e9   Thumb Code    34  noretval__2sprintf.o(.text)
    _printf_str                              0x08000211   Thumb Code    82  _printf_str.o(.text)
    __printf                                 0x08000263   Thumb Code   270  __printf_wp.o(.text)
    __aeabi_memclr4                          0x08000371   Thumb Code     0  rt_memclr_w.o(.text)
    __aeabi_memclr8                          0x08000371   Thumb Code     0  rt_memclr_w.o(.text)
    __rt_memclr_w                            0x08000371   Thumb Code    78  rt_memclr_w.o(.text)
    _memset_w                                0x08000375   Thumb Code     0  rt_memclr_w.o(.text)
    __use_two_region_memory                  0x080003bf   Thumb Code     2  heapauxi.o(.text)
    __rt_heap_escrow$2region                 0x080003c1   Thumb Code     2  heapauxi.o(.text)
    __rt_heap_expand$2region                 0x080003c3   Thumb Code     2  heapauxi.o(.text)
    __read_errno                             0x080003c5   Thumb Code    10  _rserrno.o(.text)
    __set_errno                              0x080003cf   Thumb Code    12  _rserrno.o(.text)
    __lib_sel_fp_printf                      0x080003db   Thumb Code     2  _printf_fp_dec.o(.text)
    _printf_fp_dec_real                      0x08000589   Thumb Code   620  _printf_fp_dec.o(.text)
    _printf_char_common                      0x080007ff   Thumb Code    32  _printf_char_common.o(.text)
    _sputc                                   0x08000825   Thumb Code    10  _sputc.o(.text)
    _printf_cs_common                        0x0800082f   Thumb Code    20  _printf_char.o(.text)
    _printf_char                             0x08000843   Thumb Code    16  _printf_char.o(.text)
    _printf_string                           0x08000853   Thumb Code     8  _printf_char.o(.text)
    __rt_locale                              0x0800085d   Thumb Code     8  rt_locale_intlibspace.o(.text)
    __aeabi_errno_addr                       0x08000865   Thumb Code     8  rt_errno_addr_intlibspace.o(.text)
    __errno$intlibspace                      0x08000865   Thumb Code     0  rt_errno_addr_intlibspace.o(.text)
    __rt_errno_addr$intlibspace              0x08000865   Thumb Code     0  rt_errno_addr_intlibspace.o(.text)
    _ll_udiv10                               0x0800086d   Thumb Code   138  lludiv10.o(.text)
    _printf_fp_infnan                        0x080008f9   Thumb Code   112  _printf_fp_infnan.o(.text)
    _btod_etento                             0x08000979   Thumb Code   216  bigflt0.o(.text)
    __user_libspace                          0x08000a55   Thumb Code     8  libspace.o(.text)
    __user_perproc_libspace                  0x08000a55   Thumb Code     0  libspace.o(.text)
    __user_perthread_libspace                0x08000a55   Thumb Code     0  libspace.o(.text)
    __user_setup_stackheap                   0x08000a5d   Thumb Code    74  sys_stackheap_outer.o(.text)
    exit                                     0x08000aa7   Thumb Code    18  exit.o(.text)
    strcmp                                   0x08000ab9   Thumb Code   128  strcmpv7m.o(.text)
    _sys_exit                                0x08000b39   Thumb Code     8  sys_exit.o(.text)
    __I$use$semihosting                      0x08000b45   Thumb Code     0  use_no_semi.o(.text)
    __use_no_semihosting_swi                 0x08000b45   Thumb Code     2  use_no_semi.o(.text)
    __semihosting_library_function           0x08000b47   Thumb Code     0  indicate_semi.o(.text)
    _btod_d2e                                0x08000b47   Thumb Code    62  btod.o(CL$$btod_d2e)
    _d2e_denorm_low                          0x08000b85   Thumb Code    70  btod.o(CL$$btod_d2e_denorm_low)
    _d2e_norm_op1                            0x08000bcb   Thumb Code    96  btod.o(CL$$btod_d2e_norm_op1)
    __btod_div_common                        0x08000c2b   Thumb Code   696  btod.o(CL$$btod_div_common)
    _e2e                                     0x08000f63   Thumb Code   198  btod.o(CL$$btod_e2e)
    _btod_ediv                               0x08001029   Thumb Code    40  btod.o(CL$$btod_ediv)
    _btod_emul                               0x08001051   Thumb Code    40  btod.o(CL$$btod_emul)
    __btod_mult_common                       0x08001079   Thumb Code   580  btod.o(CL$$btod_mult_common)
    ADC_ConversionStop_Disable               0x080012bd   Thumb Code    86  stm32f1xx_hal_adc.o(i.ADC_ConversionStop_Disable)
    ADC_DMAConvCplt                          0x08001313   Thumb Code    78  stm32f1xx_hal_adc.o(i.ADC_DMAConvCplt)
    ADC_DMAError                             0x08001361   Thumb Code    26  stm32f1xx_hal_adc.o(i.ADC_DMAError)
    ADC_DMAHalfConvCplt                      0x0800137b   Thumb Code    10  stm32f1xx_hal_adc.o(i.ADC_DMAHalfConvCplt)
    ADC_Enable                               0x08001385   Thumb Code   114  stm32f1xx_hal_adc.o(i.ADC_Enable)
    BusFault_Handler                         0x08001401   Thumb Code     2  stm32f1xx_it.o(i.BusFault_Handler)
    DMA1_Channel1_IRQHandler                 0x08001405   Thumb Code     6  stm32f1xx_it.o(i.DMA1_Channel1_IRQHandler)
    DebugMon_Handler                         0x0800143b   Thumb Code     2  stm32f1xx_it.o(i.DebugMon_Handler)
    Draw_ScopeGrid                           0x0800143d   Thumb Code   120  main.o(i.Draw_ScopeGrid)
    EXTI4_IRQHandler                         0x080014b5   Thumb Code     6  main.o(i.EXTI4_IRQHandler)
    EXTI9_5_IRQHandler                       0x080014bb   Thumb Code    24  main.o(i.EXTI9_5_IRQHandler)
    Error_Handler                            0x080014d3   Thumb Code     4  main.o(i.Error_Handler)
    HAL_ADCEx_Calibration_Start              0x080014d9   Thumb Code   210  stm32f1xx_hal_adc_ex.o(i.HAL_ADCEx_Calibration_Start)
    HAL_ADC_ConfigChannel                    0x080015b1   Thumb Code   240  stm32f1xx_hal_adc.o(i.HAL_ADC_ConfigChannel)
    HAL_ADC_ConvCpltCallback                 0x080016ad   Thumb Code     8  main.o(i.HAL_ADC_ConvCpltCallback)
    HAL_ADC_ConvHalfCpltCallback             0x080016b9   Thumb Code     2  stm32f1xx_hal_adc.o(i.HAL_ADC_ConvHalfCpltCallback)
    HAL_ADC_ErrorCallback                    0x080016bb   Thumb Code     2  stm32f1xx_hal_adc.o(i.HAL_ADC_ErrorCallback)
    HAL_ADC_Init                             0x080016bd   Thumb Code   272  stm32f1xx_hal_adc.o(i.HAL_ADC_Init)
    HAL_ADC_MspInit                          0x080017d9   Thumb Code   122  stm32f1xx_hal_msp.o(i.HAL_ADC_MspInit)
    HAL_ADC_Start_DMA                        0x08001869   Thumb Code   246  stm32f1xx_hal_adc.o(i.HAL_ADC_Start_DMA)
    HAL_ADC_Stop_DMA                         0x08001975   Thumb Code    86  stm32f1xx_hal_adc.o(i.HAL_ADC_Stop_DMA)
    HAL_DMA_Abort                            0x080019cb   Thumb Code    70  stm32f1xx_hal_dma.o(i.HAL_DMA_Abort)
    HAL_DMA_IRQHandler                       0x08001a11   Thumb Code   316  stm32f1xx_hal_dma.o(i.HAL_DMA_IRQHandler)
    HAL_DMA_Init                             0x08001b65   Thumb Code    84  stm32f1xx_hal_dma.o(i.HAL_DMA_Init)
    HAL_DMA_Start_IT                         0x08001bc1   Thumb Code   112  stm32f1xx_hal_dma.o(i.HAL_DMA_Start_IT)
    HAL_Delay                                0x08001c31   Thumb Code    32  stm32f1xx_hal.o(i.HAL_Delay)
    HAL_GPIO_EXTI_Callback                   0x08001c55   Thumb Code   110  main.o(i.HAL_GPIO_EXTI_Callback)
    HAL_GPIO_EXTI_IRQHandler                 0x08001cc9   Thumb Code    18  stm32f1xx_hal_gpio.o(i.HAL_GPIO_EXTI_IRQHandler)
    HAL_GPIO_Init                            0x08001ce1   Thumb Code   446  stm32f1xx_hal_gpio.o(i.HAL_GPIO_Init)
    HAL_GPIO_WritePin                        0x08001ec1   Thumb Code    10  stm32f1xx_hal_gpio.o(i.HAL_GPIO_WritePin)
    HAL_GetTick                              0x08001ecd   Thumb Code     6  stm32f1xx_hal.o(i.HAL_GetTick)
    HAL_IncTick                              0x08001ed9   Thumb Code    12  stm32f1xx_hal.o(i.HAL_IncTick)
    HAL_Init                                 0x08001ee9   Thumb Code    32  stm32f1xx_hal.o(i.HAL_Init)
    HAL_InitTick                             0x08001f0d   Thumb Code    54  stm32f1xx_hal.o(i.HAL_InitTick)
    HAL_MspInit                              0x08001f4d   Thumb Code    68  stm32f1xx_hal_msp.o(i.HAL_MspInit)
    HAL_NVIC_EnableIRQ                       0x08001f99   Thumb Code    26  stm32f1xx_hal_cortex.o(i.HAL_NVIC_EnableIRQ)
    HAL_NVIC_SetPriority                     0x08001fb5   Thumb Code    60  stm32f1xx_hal_cortex.o(i.HAL_NVIC_SetPriority)
    HAL_NVIC_SetPriorityGrouping             0x08001ff5   Thumb Code    26  stm32f1xx_hal_cortex.o(i.HAL_NVIC_SetPriorityGrouping)
    HAL_RCCEx_GetPeriphCLKFreq               0x08002019   Thumb Code   148  stm32f1xx_hal_rcc_ex.o(i.HAL_RCCEx_GetPeriphCLKFreq)
    HAL_RCCEx_PeriphCLKConfig                0x080020bd   Thumb Code   224  stm32f1xx_hal_rcc_ex.o(i.HAL_RCCEx_PeriphCLKConfig)
    HAL_RCC_ClockConfig                      0x080021a9   Thumb Code   280  stm32f1xx_hal_rcc.o(i.HAL_RCC_ClockConfig)
    HAL_RCC_GetPCLK2Freq                     0x080022d5   Thumb Code    20  stm32f1xx_hal_rcc.o(i.HAL_RCC_GetPCLK2Freq)
    HAL_RCC_GetSysClockFreq                  0x080022f5   Thumb Code    58  stm32f1xx_hal_rcc.o(i.HAL_RCC_GetSysClockFreq)
    HAL_RCC_OscConfig                        0x08002341   Thumb Code   778  stm32f1xx_hal_rcc.o(i.HAL_RCC_OscConfig)
    HAL_SPI_Init                             0x08002661   Thumb Code   178  stm32f1xx_hal_spi.o(i.HAL_SPI_Init)
    HAL_SPI_MspInit                          0x08002715   Thumb Code    80  stm32f1xx_hal_msp.o(i.HAL_SPI_MspInit)
    HAL_SPI_Transmit                         0x08002771   Thumb Code   358  stm32f1xx_hal_spi.o(i.HAL_SPI_Transmit)
    HAL_SYSTICK_Config                       0x080028d7   Thumb Code    40  stm32f1xx_hal_cortex.o(i.HAL_SYSTICK_Config)
    HAL_TIMEx_MasterConfigSynchronization    0x08002901   Thumb Code    92  stm32f1xx_hal_tim_ex.o(i.HAL_TIMEx_MasterConfigSynchronization)
    HAL_TIM_Base_Init                        0x08002969   Thumb Code    90  stm32f1xx_hal_tim.o(i.HAL_TIM_Base_Init)
    HAL_TIM_Base_MspInit                     0x080029c5   Thumb Code    52  stm32f1xx_hal_msp.o(i.HAL_TIM_Base_MspInit)
    HAL_TIM_Base_Start                       0x08002a01   Thumb Code    66  stm32f1xx_hal_tim.o(i.HAL_TIM_Base_Start)
    HAL_TIM_ConfigClockSource                0x08002a51   Thumb Code   220  stm32f1xx_hal_tim.o(i.HAL_TIM_ConfigClockSource)
    HAL_TIM_MspPostInit                      0x08002b2d   Thumb Code    60  stm32f1xx_hal_msp.o(i.HAL_TIM_MspPostInit)
    HAL_TIM_PWM_ConfigChannel                0x08002b71   Thumb Code   204  stm32f1xx_hal_tim.o(i.HAL_TIM_PWM_ConfigChannel)
    HAL_TIM_PWM_Init                         0x08002c3d   Thumb Code    90  stm32f1xx_hal_tim.o(i.HAL_TIM_PWM_Init)
    HAL_TIM_PWM_MspInit                      0x08002c97   Thumb Code     2  stm32f1xx_hal_tim.o(i.HAL_TIM_PWM_MspInit)
    HAL_TIM_PWM_Start                        0x08002c99   Thumb Code   144  stm32f1xx_hal_tim.o(i.HAL_TIM_PWM_Start)
    HardFault_Handler                        0x08002d35   Thumb Code     2  stm32f1xx_it.o(i.HardFault_Handler)
    MemManage_Handler                        0x08003015   Thumb Code     2  stm32f1xx_it.o(i.MemManage_Handler)
    NMI_Handler                              0x08003017   Thumb Code     2  stm32f1xx_it.o(i.NMI_Handler)
    PendSV_Handler                           0x08003019   Thumb Code     2  stm32f1xx_it.o(i.PendSV_Handler)
    Process_Waveform                         0x0800301d   Thumb Code   608  main.o(i.Process_Waveform)
    RCC_IRQHandler                           0x080032a5   Thumb Code     2  stm32f1xx_it.o(i.RCC_IRQHandler)
    ST7735_DrawChar                          0x08003395   Thumb Code   116  main.o(i.ST7735_DrawChar)
    ST7735_DrawLine                          0x0800340d   Thumb Code   134  main.o(i.ST7735_DrawLine)
    ST7735_DrawPixel                         0x08003493   Thumb Code    40  main.o(i.ST7735_DrawPixel)
    ST7735_DrawString                        0x080034bb   Thumb Code    44  main.o(i.ST7735_DrawString)
    ST7735_FillRect                          0x080034e9   Thumb Code   146  main.o(i.ST7735_FillRect)
    ST7735_Init                              0x08003589   Thumb Code   128  main.o(i.ST7735_Init)
    ST7735_SetAddressWindow                  0x0800360d   Thumb Code    66  main.o(i.ST7735_SetAddressWindow)
    ST7735_WriteCommand                      0x08003651   Thumb Code    48  main.o(i.ST7735_WriteCommand)
    ST7735_WriteData                         0x0800368d   Thumb Code    54  main.o(i.ST7735_WriteData)
    SVC_Handler                              0x080036d1   Thumb Code     2  stm32f1xx_it.o(i.SVC_Handler)
    SysTick_Handler                          0x080036d3   Thumb Code     4  stm32f1xx_it.o(i.SysTick_Handler)
    SystemClock_Config                       0x080036d7   Thumb Code   120  main.o(i.SystemClock_Config)
    SystemInit                               0x0800374f   Thumb Code     2  system_stm32f1xx.o(i.SystemInit)
    TIM_Base_SetConfig                       0x08003751   Thumb Code   108  stm32f1xx_hal_tim.o(i.TIM_Base_SetConfig)
    TIM_CCxChannelCmd                        0x080037c9   Thumb Code    26  stm32f1xx_hal_tim.o(i.TIM_CCxChannelCmd)
    TIM_ETR_SetConfig                        0x080037e3   Thumb Code    20  stm32f1xx_hal_tim.o(i.TIM_ETR_SetConfig)
    TIM_OC2_SetConfig                        0x08003859   Thumb Code    84  stm32f1xx_hal_tim.o(i.TIM_OC2_SetConfig)
    Update_ScopeInfo                         0x08003995   Thumb Code   448  main.o(i.Update_ScopeInfo)
    UsageFault_Handler                       0x08003bc9   Thumb Code     2  stm32f1xx_it.o(i.UsageFault_Handler)
    __ARM_fpclassify                         0x08003bcb   Thumb Code    40  fpclassify.o(i.__ARM_fpclassify)
    _is_digit                                0x08003c13   Thumb Code    14  __printf_wp.o(i._is_digit)
    main                                     0x08003c21   Thumb Code   122  main.o(i.main)
    sqrtf                                    0x08003ca9   Thumb Code    44  sqrtf.o(i.sqrtf)
    _get_lc_numeric                          0x08003cd5   Thumb Code    44  lc_numeric_c.o(locale$$code)
    __fpl_dretinf                            0x08003d01   Thumb Code    12  dretinf.o(x$fpl$dretinf)
    __aeabi_f2d                              0x08003d0d   Thumb Code     0  f2d.o(x$fpl$f2d)
    _f2d                                     0x08003d0d   Thumb Code    86  f2d.o(x$fpl$f2d)
    __aeabi_fadd                             0x08003d65   Thumb Code     0  faddsub_clz.o(x$fpl$fadd)
    _fadd                                    0x08003d65   Thumb Code   196  faddsub_clz.o(x$fpl$fadd)
    __fpl_fcheck_NaN1                        0x08003e29   Thumb Code     6  fcheck1.o(x$fpl$fcheck1)
    __fpl_fcmp_Inf                           0x08003e35   Thumb Code    24  fcmpi.o(x$fpl$fcmpinf)
    __aeabi_fdiv                             0x08003e4d   Thumb Code     0  fdiv.o(x$fpl$fdiv)
    _fdiv                                    0x08003e4d   Thumb Code   384  fdiv.o(x$fpl$fdiv)
    __aeabi_cfcmpeq                          0x08003fd1   Thumb Code     0  feqf.o(x$fpl$feqf)
    _fcmpeq                                  0x08003fd1   Thumb Code   104  feqf.o(x$fpl$feqf)
    __aeabi_f2iz                             0x08004039   Thumb Code     0  ffix.o(x$fpl$ffix)
    _ffix                                    0x08004039   Thumb Code    54  ffix.o(x$fpl$ffix)
    __aeabi_i2f                              0x08004071   Thumb Code     0  fflt_clz.o(x$fpl$fflt)
    _fflt                                    0x08004071   Thumb Code    48  fflt_clz.o(x$fpl$fflt)
    __aeabi_ui2f                             0x080040a1   Thumb Code     0  fflt_clz.o(x$fpl$ffltu)
    _ffltu                                   0x080040a1   Thumb Code    38  fflt_clz.o(x$fpl$ffltu)
    __aeabi_fmul                             0x080040c9   Thumb Code     0  fmul.o(x$fpl$fmul)
    _fmul                                    0x080040c9   Thumb Code   258  fmul.o(x$fpl$fmul)
    __fpl_fnaninf                            0x080041cb   Thumb Code   140  fnaninf.o(x$fpl$fnaninf)
    __fpl_fretinf                            0x08004257   Thumb Code    10  fretinf.o(x$fpl$fretinf)
    _fsqrt                                   0x08004261   Thumb Code   272  fsqrt.o(x$fpl$fsqrt)
    __aeabi_fsub                             0x08004371   Thumb Code     0  faddsub_clz.o(x$fpl$fsub)
    _fsub                                    0x08004371   Thumb Code   234  faddsub_clz.o(x$fpl$fsub)
    _printf_fp_dec                           0x0800445b   Thumb Code     4  printf1.o(x$fpl$printf1)
    __fpl_return_NaN                         0x0800445f   Thumb Code   100  retnan.o(x$fpl$retnan)
    __ARM_scalbnf                            0x080044c3   Thumb Code    76  scalbnf.o(x$fpl$scalbnf)
    __fpl_cmpreturn                          0x0800450f   Thumb Code    48  trapv.o(x$fpl$trapveneer)
    __I$use$fp                               0x0800453e   Number         0  usenofp.o(x$fpl$usenofp)
    arr_table                                0x08004540   Data          16  main.o(.constdata)
    volt_scale_table                         0x08004550   Data          12  main.o(.constdata)
    font5x7                                  0x0800455c   Data         480  main.o(.constdata)
    AHBPrescTable                            0x08004760   Data          16  system_stm32f1xx.o(.constdata)
    APBPrescTable                            0x08004770   Data           8  system_stm32f1xx.o(.constdata)
    Region$$Table$$Base                      0x08004840   Number         0  anon$$obj.o(Region$$Table)
    Region$$Table$$Limit                     0x08004860   Number         0  anon$$obj.o(Region$$Table)
    is_hold                                  0x20000000   Data           1  main.o(.data)
    time_scale_idx                           0x20000001   Data           1  main.o(.data)
    volt_scale_idx                           0x20000002   Data           1  main.o(.data)
    dma_complete                             0x20000003   Data           1  main.o(.data)
    trig_level_adc                           0x20000008   Data           2  main.o(.data)
    signal_vpp                               0x2000000c   Data           4  main.o(.data)
    signal_vmax                              0x20000010   Data           4  main.o(.data)
    signal_vmin                              0x20000014   Data           4  main.o(.data)
    signal_vrms                              0x20000018   Data           4  main.o(.data)
    signal_freq                              0x2000001c   Data           4  main.o(.data)
    time_label_table                         0x20000034   Data          16  main.o(.data)
    volt_label_table                         0x20000044   Data          12  main.o(.data)
    uwTickFreq                               0x20000050   Data           1  stm32f1xx_hal.o(.data)
    uwTickPrio                               0x20000054   Data           4  stm32f1xx_hal.o(.data)
    uwTick                                   0x20000058   Data           4  stm32f1xx_hal.o(.data)
    SystemCoreClock                          0x2000005c   Data           4  system_stm32f1xx.o(.data)
    hadc1                                    0x20000060   Data          48  main.o(.bss)
    hdma_adc1                                0x20000090   Data          68  main.o(.bss)
    hspi1                                    0x200000d4   Data          88  main.o(.bss)
    htim2                                    0x2000012c   Data          72  main.o(.bss)
    htim3                                    0x20000174   Data          72  main.o(.bss)
    adc_sample_buffer                        0x200001bc   Data         480  main.o(.bss)
    prev_wave_y                              0x2000039c   Data         120  main.o(.bss)
    __libspace_start                         0x20000414   Data          96  libspace.o(.bss)
    __temporary_stack_top$libspace           0x20000474   Data           0  libspace.o(.bss)



==============================================================================

Memory Map of the image

  Image Entry point : 0x080000ed

  Load Region LR_IROM1 (Base: 0x08000000, Size: 0x000048dc, Max: 0x00010000, ABSOLUTE)

    Execution Region ER_IROM1 (Base: 0x08000000, Size: 0x0000487c, Max: 0x00010000, ABSOLUTE)

    Base Addr    Size         Type   Attr      Idx    E Section Name        Object

    0x08000000   0x000000ec   Data   RO            3    RESET               startup_stm32f103xb.o
    0x080000ec   0x00000008   Code   RO         3095  * !!!main             c_w.l(__main.o)
    0x080000f4   0x00000034   Code   RO         3368    !!!scatter          c_w.l(__scatter.o)
    0x08000128   0x0000001a   Code   RO         3370    !!handler_copy      c_w.l(__scatter_copy.o)
    0x08000142   0x00000002   PAD
    0x08000144   0x0000001c   Code   RO         3372    !!handler_zi        c_w.l(__scatter_zi.o)
    0x08000160   0x00000000   Code   RO         3090    .ARM.Collect$$_printf_percent$$00000000  c_w.l(_printf_percent.o)
    0x08000160   0x00000006   Code   RO         3089    .ARM.Collect$$_printf_percent$$00000003  c_w.l(_printf_f.o)
    0x08000166   0x00000006   Code   RO         3088    .ARM.Collect$$_printf_percent$$00000014  c_w.l(_printf_s.o)
    0x0800016c   0x00000004   Code   RO         3146    .ARM.Collect$$_printf_percent$$00000017  c_w.l(_printf_percent_end.o)
    0x08000170   0x00000002   Code   RO         3239    .ARM.Collect$$libinit$$00000000  c_w.l(libinit.o)
    0x08000172   0x00000000   Code   RO         3241    .ARM.Collect$$libinit$$00000002  c_w.l(libinit2.o)
    0x08000172   0x00000000   Code   RO         3243    .ARM.Collect$$libinit$$00000004  c_w.l(libinit2.o)
    0x08000172   0x00000000   Code   RO         3246    .ARM.Collect$$libinit$$0000000A  c_w.l(libinit2.o)
    0x08000172   0x00000000   Code   RO         3248    .ARM.Collect$$libinit$$0000000C  c_w.l(libinit2.o)
    0x08000172   0x00000000   Code   RO         3250    .ARM.Collect$$libinit$$0000000E  c_w.l(libinit2.o)
    0x08000172   0x00000006   Code   RO         3251    .ARM.Collect$$libinit$$0000000F  c_w.l(libinit2.o)
    0x08000178   0x00000000   Code   RO         3253    .ARM.Collect$$libinit$$00000011  c_w.l(libinit2.o)
    0x08000178   0x00000000   Code   RO         3255    .ARM.Collect$$libinit$$00000013  c_w.l(libinit2.o)
    0x08000178   0x00000000   Code   RO         3257    .ARM.Collect$$libinit$$00000015  c_w.l(libinit2.o)
    0x08000178   0x0000000a   Code   RO         3258    .ARM.Collect$$libinit$$00000016  c_w.l(libinit2.o)
    0x08000182   0x00000000   Code   RO         3259    .ARM.Collect$$libinit$$00000017  c_w.l(libinit2.o)
    0x08000182   0x00000000   Code   RO         3261    .ARM.Collect$$libinit$$00000019  c_w.l(libinit2.o)
    0x08000182   0x00000000   Code   RO         3263    .ARM.Collect$$libinit$$0000001B  c_w.l(libinit2.o)
    0x08000182   0x00000000   Code   RO         3265    .ARM.Collect$$libinit$$0000001D  c_w.l(libinit2.o)
    0x08000182   0x00000000   Code   RO         3267    .ARM.Collect$$libinit$$0000001F  c_w.l(libinit2.o)
    0x08000182   0x00000000   Code   RO         3269    .ARM.Collect$$libinit$$00000021  c_w.l(libinit2.o)
    0x08000182   0x00000000   Code   RO         3271    .ARM.Collect$$libinit$$00000023  c_w.l(libinit2.o)
    0x08000182   0x00000000   Code   RO         3273    .ARM.Collect$$libinit$$00000025  c_w.l(libinit2.o)
    0x08000182   0x00000000   Code   RO         3277    .ARM.Collect$$libinit$$0000002C  c_w.l(libinit2.o)
    0x08000182   0x00000000   Code   RO         3279    .ARM.Collect$$libinit$$0000002E  c_w.l(libinit2.o)
    0x08000182   0x00000000   Code   RO         3281    .ARM.Collect$$libinit$$00000030  c_w.l(libinit2.o)
    0x08000182   0x00000000   Code   RO         3283    .ARM.Collect$$libinit$$00000032  c_w.l(libinit2.o)
    0x08000182   0x00000002   Code   RO         3284    .ARM.Collect$$libinit$$00000033  c_w.l(libinit2.o)
    0x08000184   0x00000002   Code   RO         3316    .ARM.Collect$$libshutdown$$00000000  c_w.l(libshutdown.o)
    0x08000186   0x00000000   Code   RO         3327    .ARM.Collect$$libshutdown$$00000002  c_w.l(libshutdown2.o)
    0x08000186   0x00000000   Code   RO         3329    .ARM.Collect$$libshutdown$$00000004  c_w.l(libshutdown2.o)
    0x08000186   0x00000000   Code   RO         3332    .ARM.Collect$$libshutdown$$00000007  c_w.l(libshutdown2.o)
    0x08000186   0x00000000   Code   RO         3335    .ARM.Collect$$libshutdown$$0000000A  c_w.l(libshutdown2.o)
    0x08000186   0x00000000   Code   RO         3337    .ARM.Collect$$libshutdown$$0000000C  c_w.l(libshutdown2.o)
    0x08000186   0x00000000   Code   RO         3340    .ARM.Collect$$libshutdown$$0000000F  c_w.l(libshutdown2.o)
    0x08000186   0x00000002   Code   RO         3341    .ARM.Collect$$libshutdown$$00000010  c_w.l(libshutdown2.o)
    0x08000188   0x00000000   Code   RO         3135    .ARM.Collect$$rtentry$$00000000  c_w.l(__rtentry.o)
    0x08000188   0x00000000   Code   RO         3161    .ARM.Collect$$rtentry$$00000002  c_w.l(__rtentry2.o)
    0x08000188   0x00000006   Code   RO         3173    .ARM.Collect$$rtentry$$00000004  c_w.l(__rtentry4.o)
    0x0800018e   0x00000000   Code   RO         3163    .ARM.Collect$$rtentry$$00000009  c_w.l(__rtentry2.o)
    0x0800018e   0x00000004   Code   RO         3164    .ARM.Collect$$rtentry$$0000000A  c_w.l(__rtentry2.o)
    0x08000192   0x00000000   Code   RO         3166    .ARM.Collect$$rtentry$$0000000C  c_w.l(__rtentry2.o)
    0x08000192   0x00000008   Code   RO         3167    .ARM.Collect$$rtentry$$0000000D  c_w.l(__rtentry2.o)
    0x0800019a   0x00000002   Code   RO         3287    .ARM.Collect$$rtexit$$00000000  c_w.l(rtexit.o)
    0x0800019c   0x00000000   Code   RO         3294    .ARM.Collect$$rtexit$$00000002  c_w.l(rtexit2.o)
    0x0800019c   0x00000004   Code   RO         3295    .ARM.Collect$$rtexit$$00000003  c_w.l(rtexit2.o)
    0x080001a0   0x00000006   Code   RO         3296    .ARM.Collect$$rtexit$$00000004  c_w.l(rtexit2.o)
    0x080001a6   0x00000002   PAD
    0x080001a8   0x00000040   Code   RO            4    .text               startup_stm32f103xb.o
    0x080001e8   0x00000028   Code   RO         3062    .text               c_w.l(noretval__2sprintf.o)
    0x08000210   0x00000052   Code   RO         3066    .text               c_w.l(_printf_str.o)
    0x08000262   0x0000010e   Code   RO         3076    .text               c_w.l(__printf_wp.o)
    0x08000370   0x0000004e   Code   RO         3091    .text               c_w.l(rt_memclr_w.o)
    0x080003be   0x00000006   Code   RO         3093    .text               c_w.l(heapauxi.o)
    0x080003c4   0x00000016   Code   RO         3136    .text               c_w.l(_rserrno.o)
    0x080003da   0x0000041a   Code   RO         3138    .text               c_w.l(_printf_fp_dec.o)
    0x080007f4   0x00000030   Code   RO         3140    .text               c_w.l(_printf_char_common.o)
    0x08000824   0x0000000a   Code   RO         3142    .text               c_w.l(_sputc.o)
    0x0800082e   0x0000002c   Code   RO         3144    .text               c_w.l(_printf_char.o)
    0x0800085a   0x00000002   PAD
    0x0800085c   0x00000008   Code   RO         3178    .text               c_w.l(rt_locale_intlibspace.o)
    0x08000864   0x00000008   Code   RO         3183    .text               c_w.l(rt_errno_addr_intlibspace.o)
    0x0800086c   0x0000008a   Code   RO         3185    .text               c_w.l(lludiv10.o)
    0x080008f6   0x00000002   PAD
    0x080008f8   0x00000080   Code   RO         3187    .text               c_w.l(_printf_fp_infnan.o)
    0x08000978   0x000000dc   Code   RO         3191    .text               c_w.l(bigflt0.o)
    0x08000a54   0x00000008   Code   RO         3225    .text               c_w.l(libspace.o)
    0x08000a5c   0x0000004a   Code   RO         3228    .text               c_w.l(sys_stackheap_outer.o)
    0x08000aa6   0x00000012   Code   RO         3230    .text               c_w.l(exit.o)
    0x08000ab8   0x00000080   Code   RO         3232    .text               c_w.l(strcmpv7m.o)
    0x08000b38   0x0000000c   Code   RO         3306    .text               c_w.l(sys_exit.o)
    0x08000b44   0x00000002   Code   RO         3317    .text               c_w.l(use_no_semi.o)
    0x08000b46   0x00000000   Code   RO         3319    .text               c_w.l(indicate_semi.o)
    0x08000b46   0x0000003e   Code   RO         3194    CL$$btod_d2e        c_w.l(btod.o)
    0x08000b84   0x00000046   Code   RO         3196    CL$$btod_d2e_denorm_low  c_w.l(btod.o)
    0x08000bca   0x00000060   Code   RO         3195    CL$$btod_d2e_norm_op1  c_w.l(btod.o)
    0x08000c2a   0x00000338   Code   RO         3204    CL$$btod_div_common  c_w.l(btod.o)
    0x08000f62   0x000000c6   Code   RO         3201    CL$$btod_e2e        c_w.l(btod.o)
    0x08001028   0x00000028   Code   RO         3198    CL$$btod_ediv       c_w.l(btod.o)
    0x08001050   0x00000028   Code   RO         3197    CL$$btod_emul       c_w.l(btod.o)
    0x08001078   0x00000244   Code   RO         3203    CL$$btod_mult_common  c_w.l(btod.o)
    0x080012bc   0x00000056   Code   RO          473    i.ADC_ConversionStop_Disable  stm32f1xx_hal_adc.o
    0x08001312   0x0000004e   Code   RO          474    i.ADC_DMAConvCplt   stm32f1xx_hal_adc.o
    0x08001360   0x0000001a   Code   RO          475    i.ADC_DMAError      stm32f1xx_hal_adc.o
    0x0800137a   0x0000000a   Code   RO          476    i.ADC_DMAHalfConvCplt  stm32f1xx_hal_adc.o
    0x08001384   0x0000007c   Code   RO          477    i.ADC_Enable        stm32f1xx_hal_adc.o
    0x08001400   0x00000002   Code   RO          282    i.BusFault_Handler  stm32f1xx_it.o
    0x08001402   0x00000002   PAD
    0x08001404   0x0000000c   Code   RO          283    i.DMA1_Channel1_IRQHandler  stm32f1xx_it.o
    0x08001410   0x0000002a   Code   RO         1129    i.DMA_SetConfig     stm32f1xx_hal_dma.o
    0x0800143a   0x00000002   Code   RO          284    i.DebugMon_Handler  stm32f1xx_it.o
    0x0800143c   0x00000078   Code   RO           13    i.Draw_ScopeGrid    main.o
    0x080014b4   0x00000006   Code   RO           14    i.EXTI4_IRQHandler  main.o
    0x080014ba   0x00000018   Code   RO           15    i.EXTI9_5_IRQHandler  main.o
    0x080014d2   0x00000004   Code   RO           16    i.Error_Handler     main.o
    0x080014d6   0x00000002   PAD
    0x080014d8   0x000000d8   Code   RO          653    i.HAL_ADCEx_Calibration_Start  stm32f1xx_hal_adc_ex.o
    0x080015b0   0x000000fc   Code   RO          479    i.HAL_ADC_ConfigChannel  stm32f1xx_hal_adc.o
    0x080016ac   0x0000000c   Code   RO           17    i.HAL_ADC_ConvCpltCallback  main.o
    0x080016b8   0x00000002   Code   RO          481    i.HAL_ADC_ConvHalfCpltCallback  stm32f1xx_hal_adc.o
    0x080016ba   0x00000002   Code   RO          483    i.HAL_ADC_ErrorCallback  stm32f1xx_hal_adc.o
    0x080016bc   0x0000011c   Code   RO          488    i.HAL_ADC_Init      stm32f1xx_hal_adc.o
    0x080017d8   0x00000090   Code   RO          371    i.HAL_ADC_MspInit   stm32f1xx_hal_msp.o
    0x08001868   0x0000010c   Code   RO          495    i.HAL_ADC_Start_DMA  stm32f1xx_hal_adc.o
    0x08001974   0x00000056   Code   RO          498    i.HAL_ADC_Stop_DMA  stm32f1xx_hal_adc.o
    0x080019ca   0x00000046   Code   RO         1130    i.HAL_DMA_Abort     stm32f1xx_hal_dma.o
    0x08001a10   0x00000154   Code   RO         1135    i.HAL_DMA_IRQHandler  stm32f1xx_hal_dma.o
    0x08001b64   0x0000005c   Code   RO         1136    i.HAL_DMA_Init      stm32f1xx_hal_dma.o
    0x08001bc0   0x00000070   Code   RO         1140    i.HAL_DMA_Start_IT  stm32f1xx_hal_dma.o
    0x08001c30   0x00000024   Code   RO          756    i.HAL_Delay         stm32f1xx_hal.o
    0x08001c54   0x00000074   Code   RO           18    i.HAL_GPIO_EXTI_Callback  main.o
    0x08001cc8   0x00000018   Code   RO         1065    i.HAL_GPIO_EXTI_IRQHandler  stm32f1xx_hal_gpio.o
    0x08001ce0   0x000001e0   Code   RO         1066    i.HAL_GPIO_Init     stm32f1xx_hal_gpio.o
    0x08001ec0   0x0000000a   Code   RO         1070    i.HAL_GPIO_WritePin  stm32f1xx_hal_gpio.o
    0x08001eca   0x00000002   PAD
    0x08001ecc   0x0000000c   Code   RO          760    i.HAL_GetTick       stm32f1xx_hal.o
    0x08001ed8   0x00000010   Code   RO          766    i.HAL_IncTick       stm32f1xx_hal.o
    0x08001ee8   0x00000024   Code   RO          767    i.HAL_Init          stm32f1xx_hal.o
    0x08001f0c   0x00000040   Code   RO          768    i.HAL_InitTick      stm32f1xx_hal.o
    0x08001f4c   0x0000004c   Code   RO          372    i.HAL_MspInit       stm32f1xx_hal_msp.o
    0x08001f98   0x0000001a   Code   RO         1226    i.HAL_NVIC_EnableIRQ  stm32f1xx_hal_cortex.o
    0x08001fb2   0x00000002   PAD
    0x08001fb4   0x00000040   Code   RO         1232    i.HAL_NVIC_SetPriority  stm32f1xx_hal_cortex.o
    0x08001ff4   0x00000024   Code   RO         1233    i.HAL_NVIC_SetPriorityGrouping  stm32f1xx_hal_cortex.o
    0x08002018   0x000000a4   Code   RO         1027    i.HAL_RCCEx_GetPeriphCLKFreq  stm32f1xx_hal_rcc_ex.o
    0x080020bc   0x000000ec   Code   RO         1028    i.HAL_RCCEx_PeriphCLKConfig  stm32f1xx_hal_rcc_ex.o
    0x080021a8   0x0000012c   Code   RO          924    i.HAL_RCC_ClockConfig  stm32f1xx_hal_rcc.o
    0x080022d4   0x00000020   Code   RO          932    i.HAL_RCC_GetPCLK2Freq  stm32f1xx_hal_rcc.o
    0x080022f4   0x0000004c   Code   RO          933    i.HAL_RCC_GetSysClockFreq  stm32f1xx_hal_rcc.o
    0x08002340   0x00000320   Code   RO          936    i.HAL_RCC_OscConfig  stm32f1xx_hal_rcc.o
    0x08002660   0x000000b2   Code   RO         1737    i.HAL_SPI_Init      stm32f1xx_hal_spi.o
    0x08002712   0x00000002   PAD
    0x08002714   0x0000005c   Code   RO          374    i.HAL_SPI_MspInit   stm32f1xx_hal_msp.o
    0x08002770   0x00000166   Code   RO         1745    i.HAL_SPI_Transmit  stm32f1xx_hal_spi.o
    0x080028d6   0x00000028   Code   RO         1237    i.HAL_SYSTICK_Config  stm32f1xx_hal_cortex.o
    0x080028fe   0x00000002   PAD
    0x08002900   0x00000068   Code   RO         2773    i.HAL_TIMEx_MasterConfigSynchronization  stm32f1xx_hal_tim_ex.o
    0x08002968   0x0000005a   Code   RO         2050    i.HAL_TIM_Base_Init  stm32f1xx_hal_tim.o
    0x080029c2   0x00000002   PAD
    0x080029c4   0x0000003c   Code   RO          376    i.HAL_TIM_Base_MspInit  stm32f1xx_hal_msp.o
    0x08002a00   0x00000050   Code   RO         2053    i.HAL_TIM_Base_Start  stm32f1xx_hal_tim.o
    0x08002a50   0x000000dc   Code   RO         2059    i.HAL_TIM_ConfigClockSource  stm32f1xx_hal_tim.o
    0x08002b2c   0x00000044   Code   RO          377    i.HAL_TIM_MspPostInit  stm32f1xx_hal_msp.o
    0x08002b70   0x000000cc   Code   RO         2122    i.HAL_TIM_PWM_ConfigChannel  stm32f1xx_hal_tim.o
    0x08002c3c   0x0000005a   Code   RO         2125    i.HAL_TIM_PWM_Init  stm32f1xx_hal_tim.o
    0x08002c96   0x00000002   Code   RO         2127    i.HAL_TIM_PWM_MspInit  stm32f1xx_hal_tim.o
    0x08002c98   0x0000009c   Code   RO         2130    i.HAL_TIM_PWM_Start  stm32f1xx_hal_tim.o
    0x08002d34   0x00000002   Code   RO          285    i.HardFault_Handler  stm32f1xx_it.o
    0x08002d36   0x00000002   PAD
    0x08002d38   0x000000a8   Code   RO           19    i.MX_ADC1_Init      main.o
    0x08002de0   0x000000ec   Code   RO           20    i.MX_GPIO_Init      main.o
    0x08002ecc   0x00000044   Code   RO           21    i.MX_SPI1_Init      main.o
    0x08002f10   0x0000009c   Code   RO           22    i.MX_TIM2_Init      main.o
    0x08002fac   0x00000068   Code   RO           23    i.MX_TIM3_Init      main.o
    0x08003014   0x00000002   Code   RO          286    i.MemManage_Handler  stm32f1xx_it.o
    0x08003016   0x00000002   Code   RO          287    i.NMI_Handler       stm32f1xx_it.o
    0x08003018   0x00000002   Code   RO          288    i.PendSV_Handler    stm32f1xx_it.o
    0x0800301a   0x00000002   PAD
    0x0800301c   0x00000288   Code   RO           24    i.Process_Waveform  main.o
    0x080032a4   0x00000002   Code   RO          289    i.RCC_IRQHandler    stm32f1xx_it.o
    0x080032a6   0x00000034   Code   RO         1775    i.SPI_EndRxTxTransaction  stm32f1xx_hal_spi.o
    0x080032da   0x00000002   PAD
    0x080032dc   0x000000b8   Code   RO         1780    i.SPI_WaitFlagStateUntilTimeout  stm32f1xx_hal_spi.o
    0x08003394   0x00000078   Code   RO           25    i.ST7735_DrawChar   main.o
    0x0800340c   0x00000086   Code   RO           26    i.ST7735_DrawLine   main.o
    0x08003492   0x00000028   Code   RO           27    i.ST7735_DrawPixel  main.o
    0x080034ba   0x0000002c   Code   RO           28    i.ST7735_DrawString  main.o
    0x080034e6   0x00000002   PAD
    0x080034e8   0x000000a0   Code   RO           29    i.ST7735_FillRect   main.o
    0x08003588   0x00000084   Code   RO           30    i.ST7735_Init       main.o
    0x0800360c   0x00000042   Code   RO           31    i.ST7735_SetAddressWindow  main.o
    0x0800364e   0x00000002   PAD
    0x08003650   0x0000003c   Code   RO           32    i.ST7735_WriteCommand  main.o
    0x0800368c   0x00000044   Code   RO           33    i.ST7735_WriteData  main.o
    0x080036d0   0x00000002   Code   RO          290    i.SVC_Handler       stm32f1xx_it.o
    0x080036d2   0x00000004   Code   RO          291    i.SysTick_Handler   stm32f1xx_it.o
    0x080036d6   0x00000078   Code   RO           34    i.SystemClock_Config  main.o
    0x0800374e   0x00000002   Code   RO         3022    i.SystemInit        system_stm32f1xx.o
    0x08003750   0x00000078   Code   RO         2143    i.TIM_Base_SetConfig  stm32f1xx_hal_tim.o
    0x080037c8   0x0000001a   Code   RO         2144    i.TIM_CCxChannelCmd  stm32f1xx_hal_tim.o
    0x080037e2   0x00000014   Code   RO         2154    i.TIM_ETR_SetConfig  stm32f1xx_hal_tim.o
    0x080037f6   0x00000010   Code   RO         2155    i.TIM_ITRx_SetConfig  stm32f1xx_hal_tim.o
    0x08003806   0x00000002   PAD
    0x08003808   0x00000050   Code   RO         2156    i.TIM_OC1_SetConfig  stm32f1xx_hal_tim.o
    0x08003858   0x00000058   Code   RO         2157    i.TIM_OC2_SetConfig  stm32f1xx_hal_tim.o
    0x080038b0   0x00000058   Code   RO         2158    i.TIM_OC3_SetConfig  stm32f1xx_hal_tim.o
    0x08003908   0x00000044   Code   RO         2159    i.TIM_OC4_SetConfig  stm32f1xx_hal_tim.o
    0x0800394c   0x00000022   Code   RO         2161    i.TIM_TI1_ConfigInputStage  stm32f1xx_hal_tim.o
    0x0800396e   0x00000024   Code   RO         2163    i.TIM_TI2_ConfigInputStage  stm32f1xx_hal_tim.o
    0x08003992   0x00000002   PAD
    0x08003994   0x00000234   Code   RO           35    i.Update_ScopeInfo  main.o
    0x08003bc8   0x00000002   Code   RO          292    i.UsageFault_Handler  stm32f1xx_it.o
    0x08003bca   0x00000028   Code   RO         3223    i.__ARM_fpclassify  m_ws.l(fpclassify.o)
    0x08003bf2   0x00000020   Code   RO         1239    i.__NVIC_SetPriority  stm32f1xx_hal_cortex.o
    0x08003c12   0x0000000e   Code   RO         3078    i._is_digit         c_w.l(__printf_wp.o)
    0x08003c20   0x00000088   Code   RO           36    i.main              main.o
    0x08003ca8   0x0000002c   Code   RO         3128    i.sqrtf             m_ws.l(sqrtf.o)
    0x08003cd4   0x0000002c   Code   RO         3217    locale$$code        c_w.l(lc_numeric_c.o)
    0x08003d00   0x0000000c   Code   RO         3147    x$fpl$dretinf       fz_ws.l(dretinf.o)
    0x08003d0c   0x00000056   Code   RO         3097    x$fpl$f2d           fz_ws.l(f2d.o)
    0x08003d62   0x00000002   PAD
    0x08003d64   0x000000c4   Code   RO         3099    x$fpl$fadd          fz_ws.l(faddsub_clz.o)
    0x08003e28   0x0000000c   Code   RO         3149    x$fpl$fcheck1       fz_ws.l(fcheck1.o)
    0x08003e34   0x00000018   Code   RO         3151    x$fpl$fcmpinf       fz_ws.l(fcmpi.o)
    0x08003e4c   0x00000184   Code   RO         3106    x$fpl$fdiv          fz_ws.l(fdiv.o)
    0x08003fd0   0x00000068   Code   RO         3109    x$fpl$feqf          fz_ws.l(feqf.o)
    0x08004038   0x00000036   Code   RO         3111    x$fpl$ffix          fz_ws.l(ffix.o)
    0x0800406e   0x00000002   PAD
    0x08004070   0x00000030   Code   RO         3116    x$fpl$fflt          fz_ws.l(fflt_clz.o)
    0x080040a0   0x00000026   Code   RO         3115    x$fpl$ffltu         fz_ws.l(fflt_clz.o)
    0x080040c6   0x00000002   PAD
    0x080040c8   0x00000102   Code   RO         3121    x$fpl$fmul          fz_ws.l(fmul.o)
    0x080041ca   0x0000008c   Code   RO         3153    x$fpl$fnaninf       fz_ws.l(fnaninf.o)
    0x08004256   0x0000000a   Code   RO         3155    x$fpl$fretinf       fz_ws.l(fretinf.o)
    0x08004260   0x00000110   Code   RO         3157    x$fpl$fsqrt         fz_ws.l(fsqrt.o)
    0x08004370   0x000000ea   Code   RO         3101    x$fpl$fsub          fz_ws.l(faddsub_clz.o)
    0x0800445a   0x00000004   Code   RO         3123    x$fpl$printf1       fz_ws.l(printf1.o)
    0x0800445e   0x00000064   Code   RO         3221    x$fpl$retnan        fz_ws.l(retnan.o)
    0x080044c2   0x0000004c   Code   RO         3125    x$fpl$scalbnf       fz_ws.l(scalbnf.o)
    0x0800450e   0x00000030   Code   RO         3285    x$fpl$trapveneer    fz_ws.l(trapv.o)
    0x0800453e   0x00000000   Code   RO         3159    x$fpl$usenofp       fz_ws.l(usenofp.o)
    0x0800453e   0x00000002   PAD
    0x08004540   0x000001fc   Data   RO           38    .constdata          main.o
    0x0800473c   0x00000012   Data   RO          937    .constdata          stm32f1xx_hal_rcc.o
    0x0800474e   0x00000012   Data   RO         1029    .constdata          stm32f1xx_hal_rcc_ex.o
    0x08004760   0x00000010   Data   RO         3023    .constdata          system_stm32f1xx.o
    0x08004770   0x00000008   Data   RO         3024    .constdata          system_stm32f1xx.o
    0x08004778   0x00000094   Data   RO         3192    .constdata          c_w.l(bigflt0.o)
    0x0800480c   0x00000031   Data   RO           39    .conststring        main.o
    0x0800483d   0x00000003   PAD
    0x08004840   0x00000020   Data   RO         3366    Region$$Table       anon$$obj.o
    0x08004860   0x0000001c   Data   RO         3216    locale$$data        c_w.l(lc_numeric_c.o)


    Execution Region RW_IRAM1 (Base: 0x20000000, Size: 0x00000a78, Max: 0x00005000, ABSOLUTE)

    Base Addr    Size         Type   Attr      Idx    E Section Name        Object

    0x20000000   0x00000050   Data   RW           40    .data               main.o
    0x20000050   0x0000000c   Data   RW          774    .data               stm32f1xx_hal.o
    0x2000005c   0x00000004   Data   RW         3025    .data               system_stm32f1xx.o
    0x20000060   0x000003b4   Zero   RW           37    .bss                main.o
    0x20000414   0x00000060   Zero   RW         3226    .bss                c_w.l(libspace.o)
    0x20000474   0x00000004   PAD
    0x20000478   0x00000200   Zero   RW            2    HEAP                startup_stm32f103xb.o
    0x20000678   0x00000400   Zero   RW            1    STACK               startup_stm32f103xb.o


==============================================================================

Image component sizes


      Code (inc. data)   RO Data    RW Data    ZI Data      Debug   Object Name

      3306        288        557         80        948     463453   main.o
        64         26        236          0       1536        784   startup_stm32f103xb.o
       164         28          0         12          0       5697   stm32f1xx_hal.o
      1218         56          0          0          0       8466   stm32f1xx_hal_adc.o
       216          6          0          0          0       1382   stm32f1xx_hal_adc_ex.o
       198         14          0          0          0      28771   stm32f1xx_hal_cortex.o
       656         32          0          0          0       4111   stm32f1xx_hal_dma.o
       514         40          0          0          0       3375   stm32f1xx_hal_gpio.o
       440         58          0          0          0       3443   stm32f1xx_hal_msp.o
      1208         72         18          0          0       4421   stm32f1xx_hal_rcc.o
       400         28         18          0          0       2393   stm32f1xx_hal_rcc_ex.o
       772          4          0          0          0       4218   stm32f1xx_hal_spi.o
      1418         58          0          0          0      12537   stm32f1xx_hal_tim.o
       104         12          0          0          0       1304   stm32f1xx_hal_tim_ex.o
        34          6          0          0          0       4462   stm32f1xx_it.o
         2          0         24          4          0       1035   system_stm32f1xx.o

    ----------------------------------------------------------------------
     10742        728        888         96       2484     549852   Object Totals
         0          0         32          0          0          0   (incl. Generated)
        28          0          3          0          0          0   (incl. Padding)

    ----------------------------------------------------------------------

      Code (inc. data)   RO Data    RW Data    ZI Data      Debug   Library Member Name

         8          0          0          0          0         68   __main.o
       284          0          0          0          0        156   __printf_wp.o
         0          0          0          0          0          0   __rtentry.o
        12          0          0          0          0          0   __rtentry2.o
         6          0          0          0          0          0   __rtentry4.o
        52          8          0          0          0          0   __scatter.o
        26          0          0          0          0          0   __scatter_copy.o
        28          0          0          0          0          0   __scatter_zi.o
        44          0          0          0          0        108   _printf_char.o
        48          6          0          0          0         96   _printf_char_common.o
         6          0          0          0          0          0   _printf_f.o
      1050          0          0          0          0        216   _printf_fp_dec.o
       128         16          0          0          0         84   _printf_fp_infnan.o
         0          0          0          0          0          0   _printf_percent.o
         4          0          0          0          0          0   _printf_percent_end.o
         6          0          0          0          0          0   _printf_s.o
        82          0          0          0          0         80   _printf_str.o
        22          0          0          0          0        100   _rserrno.o
        10          0          0          0          0         68   _sputc.o
       220          4        148          0          0         96   bigflt0.o
      1910        128          0          0          0        672   btod.o
        18          0          0          0          0         80   exit.o
         6          0          0          0          0        152   heapauxi.o
         0          0          0          0          0          0   indicate_semi.o
        44         10         28          0          0         76   lc_numeric_c.o
         2          0          0          0          0          0   libinit.o
        18          0          0          0          0          0   libinit2.o
         2          0          0          0          0          0   libshutdown.o
         2          0          0          0          0          0   libshutdown2.o
         8          4          0          0         96         68   libspace.o
       138          0          0          0          0         80   lludiv10.o
        40          6          0          0          0         84   noretval__2sprintf.o
         8          4          0          0          0         68   rt_errno_addr_intlibspace.o
         8          4          0          0          0         68   rt_locale_intlibspace.o
        78          0          0          0          0         80   rt_memclr_w.o
         2          0          0          0          0          0   rtexit.o
        10          0          0          0          0          0   rtexit2.o
       128          0          0          0          0         68   strcmpv7m.o
        12          4          0          0          0         68   sys_exit.o
        74          0          0          0          0         80   sys_stackheap_outer.o
         2          0          0          0          0         68   use_no_semi.o
        12          0          0          0          0         68   dretinf.o
        86          4          0          0          0         84   f2d.o
       430          8          0          0          0        168   faddsub_clz.o
        12          4          0          0          0         68   fcheck1.o
        24          0          0          0          0         68   fcmpi.o
       388         76          0          0          0         96   fdiv.o
       104          4          0          0          0         84   feqf.o
        54          4          0          0          0         84   ffix.o
        86          0          0          0          0        136   fflt_clz.o
       258          4          0          0          0         84   fmul.o
       140          4          0          0          0         84   fnaninf.o
        10          0          0          0          0         68   fretinf.o
       272        100          0          0          0         88   fsqrt.o
         4          0          0          0          0         68   printf1.o
       100          0          0          0          0         68   retnan.o
        76          0          0          0          0         68   scalbnf.o
        48          0          0          0          0         68   trapv.o
         0          0          0          0          0          0   usenofp.o
        40          0          0          0          0         68   fpclassify.o
        44          0          0          0          0         80   sqrtf.o

    ----------------------------------------------------------------------
      6750        402        176          0        100       4384   Library Totals
        16          0          0          0          4          0   (incl. Padding)

    ----------------------------------------------------------------------

      Code (inc. data)   RO Data    RW Data    ZI Data      Debug   Library Name

      4546        194        176          0         96       2784   c_w.l
      2104        208          0          0          0       1452   fz_ws.l
        84          0          0          0          0        148   m_ws.l

    ----------------------------------------------------------------------
      6750        402        176          0        100       4384   Library Totals

    ----------------------------------------------------------------------

==============================================================================


      Code (inc. data)   RO Data    RW Data    ZI Data      Debug   

     17492       1130       1064         96       2584     546692   Grand Totals
     17492       1130       1064         96       2584     546692   ELF Image Totals
     17492       1130       1064         96          0          0   ROM Totals

==============================================================================

    Total RO  Size (Code + RO Data)                18556 (  18.12kB)
    Total RW  Size (RW Data + ZI Data)              2680 (   2.62kB)
    Total ROM Size (Code + RO Data + RW Data)      18652 (  18.21kB)

==============================================================================

